Bornes basses forcees : [0.5, 2.0, 2.0, 3.0, 50.0]
Bornes hautes : [30.0, 300.0, 12.0, 12.0, 400.0]
  LHS 1/4 : θ=[4.1003, 5.6905, 11.6396, 5.3655, 372.7147] (('facteur_couplage', 'h_bas_2d', 'kx', 'ky', 'h_bord_x0')) coût=4804288.8 (2.1s)
  LHS 2/4 : θ=[19.503, 238.3362, 8.477, 10.7634, 310.0886] (('facteur_couplage', 'h_bas_2d', 'kx', 'ky', 'h_bord_x0')) coût=11025931.3 (6.5s)
  LHS 3/4 : θ=[9.6928, 185.4083, 3.6757, 3.476, 198.4705] (('facteur_couplage', 'h_bas_2d', 'kx', 'ky', 'h_bord_x0')) coût=6432158.3 (6.5s)
  LHS 4/4 : θ=[26.6555, 141.0139, 5.9922, 9.2922, 114.5476] (('facteur_couplage', 'h_bas_2d', 'kx', 'ky', 'h_bord_x0')) coût=51815636.7 (8.7s)
NLSQ joint : démarrage à θ0=[4.1003, 5.6905, 11.6396, 5.3655, 372.7147] (coût LHS=4804288.8) — 30 évaluations max, 4 essais, 3235 résidus.
  NLSQ éval 1 : θ=[4.10032, 5.69045, 11.6396, 5.36554, 372.71475] (('facteur_couplage', 'h_bas_2d', 'kx', 'ky', 'h_bord_x0')) coût=4804288.8 (2.2s)
  NLSQ éval 2 : θ=[4.30533, 5.69045, 11.6396, 5.36554, 372.71475] (('facteur_couplage', 'h_bas_2d', 'kx', 'ky', 'h_bord_x0')) coût=5474925.7 (2.1s)
  NLSQ éval 3 : θ=[4.10032, 5.97498, 11.6396, 5.36554, 372.71475] (('facteur_couplage', 'h_bas_2d', 'kx', 'ky', 'h_bord_x0')) coût=4769793.9 (1.9s)
  NLSQ éval 4 : θ=[4.10032, 5.69045, 11.05762, 5.36554, 372.71475] (('facteur_couplage', 'h_bas_2d', 'kx', 'ky', 'h_bord_x0')) coût=4461635.8 (1.9s)
  NLSQ éval 5 : θ=[4.10032, 5.69045, 11.6396, 5.63382, 372.71475] (('facteur_couplage', 'h_bas_2d', 'kx', 'ky', 'h_bord_x0')) coût=4822901.6 (2.0s)
  NLSQ éval 6 : θ=[4.10032, 5.69045, 11.6396, 5.36554, 391.35049] (('facteur_couplage', 'h_bas_2d', 'kx', 'ky', 'h_bord_x0')) coût=4766429.1 (1.9s)
  NLSQ éval 7 : θ=[4.26165, 32.76065, 9.89766, 4.53822, 362.88735] (('facteur_couplage', 'h_bas_2d', 'kx', 'ky', 'h_bord_x0')) coût=2606734.2 (2.1s)
  NLSQ éval 8 : θ=[4.47473, 32.76065, 9.89766, 4.53822, 362.88735] (('facteur_couplage', 'h_bas_2d', 'kx', 'ky', 'h_bord_x0')) coût=2615720.9 (2.0s)
  NLSQ éval 9 : θ=[4.26165, 34.39868, 9.89766, 4.53822, 362.88735] (('facteur_couplage', 'h_bas_2d', 'kx', 'ky', 'h_bord_x0')) coût=2588276.6 (1.9s)
  NLSQ éval 10 : θ=[4.26165, 32.76065, 10.39254, 4.53822, 362.88735] (('facteur_couplage', 'h_bas_2d', 'kx', 'ky', 'h_bord_x0')) coût=2714360.1 (1.7s)
  NLSQ éval 11 : θ=[4.26165, 32.76065, 9.89766, 4.76513, 362.88735] (('facteur_couplage', 'h_bas_2d', 'kx', 'ky', 'h_bord_x0')) coût=2605526.8 (2.0s)
  NLSQ éval 12 : θ=[4.26165, 32.76065, 9.89766, 4.53822, 381.03172] (('facteur_couplage', 'h_bas_2d', 'kx', 'ky', 'h_bord_x0')) coût=2614065.8 (2.1s)
  NLSQ éval 13 : θ=[5.75534, 72.67866, 8.21977, 4.65156, 194.69546] (('facteur_couplage', 'h_bas_2d', 'kx', 'ky', 'h_bord_x0')) coût=1836524.4 (2.2s)
  NLSQ éval 14 : θ=[6.0431, 72.67866, 8.21977, 4.65156, 194.69546] (('facteur_couplage', 'h_bas_2d', 'kx', 'ky', 'h_bord_x0')) coût=1781289.6 (2.1s)
  NLSQ éval 15 : θ=[5.75534, 76.3126, 8.21977, 4.65156, 194.69546] (('facteur_couplage', 'h_bas_2d', 'kx', 'ky', 'h_bord_x0')) coût=1876668.8 (2.1s)
  NLSQ éval 16 : θ=[5.75534, 72.67866, 8.63076, 4.65156, 194.69546] (('facteur_couplage', 'h_bas_2d', 'kx', 'ky', 'h_bord_x0')) coût=1858605.4 (2.0s)
  NLSQ éval 17 : θ=[5.75534, 72.67866, 8.21977, 4.88414, 194.69546] (('facteur_couplage', 'h_bas_2d', 'kx', 'ky', 'h_bord_x0')) coût=1836127.7 (1.7s)
  NLSQ éval 18 : θ=[5.75534, 72.67866, 8.21977, 4.65156, 204.43023] (('facteur_couplage', 'h_bas_2d', 'kx', 'ky', 'h_bord_x0')) coût=1843370.2 (1.9s)
  NLSQ éval 19 : θ=[6.41312, 78.264, 7.59547, 4.2696, 130.83616] (('facteur_couplage', 'h_bas_2d', 'kx', 'ky', 'h_bord_x0')) coût=1709282.7 (2.0s)
  NLSQ éval 20 : θ=[6.73378, 78.264, 7.59547, 4.2696, 130.83616] (('facteur_couplage', 'h_bas_2d', 'kx', 'ky', 'h_bord_x0')) coût=1737231.9 (2.4s)
  NLSQ éval 21 : θ=[6.41312, 82.1772, 7.59547, 4.2696, 130.83616] (('facteur_couplage', 'h_bas_2d', 'kx', 'ky', 'h_bord_x0')) coût=1722600.7 (2.0s)
  NLSQ éval 22 : θ=[6.41312, 78.264, 7.97524, 4.2696, 130.83616] (('facteur_couplage', 'h_bas_2d', 'kx', 'ky', 'h_bord_x0')) coût=1727529.3 (1.8s)
  NLSQ éval 23 : θ=[6.41312, 78.264, 7.59547, 4.48308, 130.83616] (('facteur_couplage', 'h_bas_2d', 'kx', 'ky', 'h_bord_x0')) coût=1708430.3 (2.4s)
  NLSQ éval 24 : θ=[6.41312, 78.264, 7.59547, 4.2696, 137.37797] (('facteur_couplage', 'h_bas_2d', 'kx', 'ky', 'h_bord_x0')) coût=1711973.0 (2.1s)
  NLSQ éval 25 : θ=[6.62604, 82.91541, 7.5543, 4.68607, 95.52795] (('facteur_couplage', 'h_bas_2d', 'kx', 'ky', 'h_bord_x0')) coût=1698419.3 (2.2s)
  NLSQ éval 26 : θ=[6.95734, 82.91541, 7.5543, 4.68607, 95.52795] (('facteur_couplage', 'h_bas_2d', 'kx', 'ky', 'h_bord_x0')) coût=1745685.5 (2.3s)
  NLSQ éval 27 : θ=[6.62604, 87.06118, 7.5543, 4.68607, 95.52795] (('facteur_couplage', 'h_bas_2d', 'kx', 'ky', 'h_bord_x0')) coût=1710953.3 (2.3s)
  NLSQ éval 28 : θ=[6.62604, 82.91541, 7.93202, 4.68607, 95.52795] (('facteur_couplage', 'h_bas_2d', 'kx', 'ky', 'h_bord_x0')) coût=1730616.0 (2.2s)
  NLSQ éval 29 : θ=[6.62604, 82.91541, 7.5543, 4.92038, 95.52795] (('facteur_couplage', 'h_bas_2d', 'kx', 'ky', 'h_bord_x0')) coût=1697474.1 (2.1s)
  NLSQ éval 30 : θ=[6.62604, 82.91541, 7.5543, 4.68607, 100.30435] (('facteur_couplage', 'h_bas_2d', 'kx', 'ky', 'h_bord_x0')) coût=1699240.6 (2.3s)
  NLSQ éval 31 : θ=[6.55351, 81.22205, 7.4242, 5.46099, 77.05553] (('facteur_couplage', 'h_bas_2d', 'kx', 'ky', 'h_bord_x0')) coût=1696762.5 (2.2s)
  NLSQ éval 32 : θ=[6.88119, 81.22205, 7.4242, 5.46099, 77.05553] (('facteur_couplage', 'h_bas_2d', 'kx', 'ky', 'h_bord_x0')) coût=1746866.7 (2.4s)
  NLSQ éval 33 : θ=[6.55351, 85.28315, 7.4242, 5.46099, 77.05553] (('facteur_couplage', 'h_bas_2d', 'kx', 'ky', 'h_bord_x0')) coût=1707425.4 (2.3s)
  NLSQ éval 34 : θ=[6.55351, 81.22205, 7.79541, 5.46099, 77.05553] (('facteur_couplage', 'h_bas_2d', 'kx', 'ky', 'h_bord_x0')) coût=1718437.7 (2.1s)
  NLSQ éval 35 : θ=[6.55351, 81.22205, 7.4242, 5.73404, 77.05553] (('facteur_couplage', 'h_bas_2d', 'kx', 'ky', 'h_bord_x0')) coût=1696879.6 (2.1s)
  NLSQ éval 36 : θ=[6.55351, 81.22205, 7.4242, 5.46099, 80.9083] (('facteur_couplage', 'h_bas_2d', 'kx', 'ky', 'h_bord_x0')) coût=1697034.1 (1.9s)
  NLSQ éval 37 : θ=[6.56483, 82.4835, 7.45336, 5.57594, 70.76882] (('facteur_couplage', 'h_bas_2d', 'kx', 'ky', 'h_bord_x0')) coût=1696001.6 (2.2s)
  NLSQ éval 38 : θ=[6.89307, 82.4835, 7.45336, 5.57594, 70.76882] (('facteur_couplage', 'h_bas_2d', 'kx', 'ky', 'h_bord_x0')) coût=1740176.5 (2.2s)
  NLSQ éval 39 : θ=[6.56483, 86.60767, 7.45336, 5.57594, 70.76882] (('facteur_couplage', 'h_bas_2d', 'kx', 'ky', 'h_bord_x0')) coût=1709440.7 (2.0s)
  NLSQ éval 40 : θ=[6.56483, 82.4835, 7.82603, 5.57594, 70.76882] (('facteur_couplage', 'h_bas_2d', 'kx', 'ky', 'h_bord_x0')) coût=1724919.6 (2.4s)
  NLSQ éval 41 : θ=[6.56483, 82.4835, 7.45336, 5.85474, 70.76882] (('facteur_couplage', 'h_bas_2d', 'kx', 'ky', 'h_bord_x0')) coût=1692714.4 (2.5s)
  NLSQ éval 42 : θ=[6.56483, 82.4835, 7.45336, 5.57594, 74.30726] (('facteur_couplage', 'h_bas_2d', 'kx', 'ky', 'h_bord_x0')) coût=1696130.2 (2.4s)
  NLSQ éval 43 : θ=[6.49856, 80.21646, 7.41029, 7.64868, 66.31819] (('facteur_couplage', 'h_bas_2d', 'kx', 'ky', 'h_bord_x0')) coût=1703755.2 (2.0s)
  NLSQ éval 44 : θ=[6.558, 81.79926, 7.4115, 6.37914, 70.74989] (('facteur_couplage', 'h_bas_2d', 'kx', 'ky', 'h_bord_x0')) coût=1697064.2 (2.1s)
  NLSQ éval 45 : θ=[6.57693, 82.39133, 7.41166, 5.77337, 70.76596] (('facteur_couplage', 'h_bas_2d', 'kx', 'ky', 'h_bord_x0')) coût=1693820.6 (2.0s)
  NLSQ éval 46 : θ=[6.90578, 82.39133, 7.41166, 5.77337, 70.76596] (('facteur_couplage', 'h_bas_2d', 'kx', 'ky', 'h_bord_x0')) coût=1745785.1 (2.0s)
  NLSQ éval 47 : θ=[6.57693, 86.5109, 7.41166, 5.77337, 70.76596] (('facteur_couplage', 'h_bas_2d', 'kx', 'ky', 'h_bord_x0')) coût=1711073.1 (1.9s)
  NLSQ éval 48 : θ=[6.57693, 82.39133, 7.78225, 5.77337, 70.76596] (('facteur_couplage', 'h_bas_2d', 'kx', 'ky', 'h_bord_x0')) coût=1720176.8 (1.9s)
  NLSQ éval 49 : θ=[6.57693, 82.39133, 7.41166, 6.06204, 70.76596] (('facteur_couplage', 'h_bas_2d', 'kx', 'ky', 'h_bord_x0')) coût=1696881.5 (3.3s)
  NLSQ éval 50 : θ=[6.57693, 82.39133, 7.41166, 5.77337, 74.30426] (('facteur_couplage', 'h_bas_2d', 'kx', 'ky', 'h_bord_x0')) coût=1694065.0 (2.0s)
  NLSQ éval 51 : θ=[6.53021, 81.51749, 7.39355, 5.56401, 70.75443] (('facteur_couplage', 'h_bas_2d', 'kx', 'ky', 'h_bord_x0')) coût=1697568.0 (2.2s)
  NLSQ éval 52 : θ=[6.55191, 82.17594, 7.4034, 5.723, 70.76314] (('facteur_couplage', 'h_bas_2d', 'kx', 'ky', 'h_bord_x0')) coût=1693259.3 (2.1s)
  NLSQ éval 53 : θ=[6.8795, 82.17594, 7.4034, 5.723, 70.76314] (('facteur_couplage', 'h_bas_2d', 'kx', 'ky', 'h_bord_x0')) coût=1738994.6 (2.0s)
  NLSQ éval 54 : θ=[6.55191, 86.28474, 7.4034, 5.723, 70.76314] (('facteur_couplage', 'h_bas_2d', 'kx', 'ky', 'h_bord_x0')) coût=1710734.4 (2.0s)
  NLSQ éval 55 : θ=[6.55191, 82.17594, 7.77357, 5.723, 70.76314] (('facteur_couplage', 'h_bas_2d', 'kx', 'ky', 'h_bord_x0')) coût=1718870.5 (1.9s)
  NLSQ éval 56 : θ=[6.55191, 82.17594, 7.4034, 6.00915, 70.76314] (('facteur_couplage', 'h_bas_2d', 'kx', 'ky', 'h_bord_x0')) coût=1694080.4 (2.3s)
  NLSQ éval 57 : θ=[6.55191, 82.17594, 7.4034, 5.723, 74.3013] (('facteur_couplage', 'h_bas_2d', 'kx', 'ky', 'h_bord_x0')) coût=1693598.6 (2.2s)
  NLSQ éval 58 : θ=[6.54531, 81.86137, 7.38365, 5.69483, 70.75511] (('facteur_couplage', 'h_bas_2d', 'kx', 'ky', 'h_bord_x0')) coût=1693983.3 (2.4s)
  NLSQ éval 59 : θ=[6.55148, 82.10414, 7.39255, 5.71677, 70.76147] (('facteur_couplage', 'h_bas_2d', 'kx', 'ky', 'h_bord_x0')) coût=1692983.4 (2.5s)
  NLSQ éval 60 : θ=[6.87906, 82.10414, 7.39255, 5.71677, 70.76147] (('facteur_couplage', 'h_bas_2d', 'kx', 'ky', 'h_bord_x0')) coût=1735214.1 (2.3s)
  NLSQ éval 61 : θ=[6.55148, 86.20935, 7.39255, 5.71677, 70.76147] (('facteur_couplage', 'h_bas_2d', 'kx', 'ky', 'h_bord_x0')) coût=1711132.2 (2.3s)
  NLSQ éval 62 : θ=[6.55148, 82.10414, 7.76217, 5.71677, 70.76147] (('facteur_couplage', 'h_bas_2d', 'kx', 'ky', 'h_bord_x0')) coût=1718472.9 (2.7s)
  NLSQ éval 63 : θ=[6.55148, 82.10414, 7.39255, 6.00261, 70.76147] (('facteur_couplage', 'h_bas_2d', 'kx', 'ky', 'h_bord_x0')) coût=1696410.4 (2.2s)
  NLSQ éval 64 : θ=[6.55148, 82.10414, 7.39255, 5.71677, 74.29955] (('facteur_couplage', 'h_bas_2d', 'kx', 'ky', 'h_bord_x0')) coût=1693339.8 (2.5s)
  NLSQ éval 65 : θ=[6.5593, 82.03117, 7.37796, 5.68854, 70.75994] (('facteur_couplage', 'h_bas_2d', 'kx', 'ky', 'h_bord_x0')) coût=1696749.3 (2.3s)
  NLSQ éval 66 : θ=[6.55699, 82.08742, 7.38722, 5.71037, 70.76115] (('facteur_couplage', 'h_bas_2d', 'kx', 'ky', 'h_bord_x0')) coût=1693563.6 (2.2s)
  NLSQ éval 67 : θ=[6.55425, 82.10026, 7.39125, 5.71535, 70.7614] (('facteur_couplage', 'h_bas_2d', 'kx', 'ky', 'h_bord_x0')) coût=1692485.4 (2.6s)
  NLSQ éval 68 : θ=[6.88197, 82.10026, 7.39125, 5.71535, 70.7614] (('facteur_couplage', 'h_bas_2d', 'kx', 'ky', 'h_bord_x0')) coût=1738557.0 (2.7s)
  NLSQ éval 69 : θ=[6.55425, 86.20527, 7.39125, 5.71535, 70.7614] (('facteur_couplage', 'h_bas_2d', 'kx', 'ky', 'h_bord_x0')) coût=1710555.3 (2.0s)
  NLSQ éval 70 : θ=[6.55425, 82.10026, 7.76081, 5.71535, 70.7614] (('facteur_couplage', 'h_bas_2d', 'kx', 'ky', 'h_bord_x0')) coût=1717646.1 (2.2s)
  NLSQ éval 71 : θ=[6.55425, 82.10026, 7.39125, 6.00112, 70.7614] (('facteur_couplage', 'h_bas_2d', 'kx', 'ky', 'h_bord_x0')) coût=1698434.5 (2.3s)
  NLSQ éval 72 : θ=[6.55425, 82.10026, 7.39125, 5.71535, 74.29947] (('facteur_couplage', 'h_bas_2d', 'kx', 'ky', 'h_bord_x0')) coût=1692840.7 (2.3s)

=== theta*_new (ky >= 3.0 force) ===
  facteur_couplage = 6.5543 +/- 0.0738
  h_bas_2d = 82.1 +/- 1.78
  kx = 7.3912 +/- 0.0739
  ky = 5.7154 +/- 0.496
  h_bord_x0 = 70.761 +/- 11.2
Cout final : 1692485.4 (a comparer au 1643399.2 du run precedent, ky libre)
Succes : True | message : `xtol` termination condition is satisfied.
