Chargement des essais joints : ['exp7_200A', 'exp7_150A', 'exp7_250A', 'exp9_200A_y20_monospot']
Chargement des essais held-out : ['exp9_200A_monospot']
Paramètres calibrés : ('facteur_couplage', 'h_bas_2d', 'k_plan', 'h_bord_x0', 'source_sigma_mm')
Bornes basses : [0.5, 2.0, 2.0, 50.0, 0.0]
Bornes hautes : [30.0, 300.0, 12.0, 400.0, 3.0]
h_haut FIGÉ à 30.087 (non-identifiable, cf. docstring module).
  LHS 1/10 : θ=[22.221, 172.7604, 6.959, 399.4215, 2.456] (('facteur_couplage', 'h_bas_2d', 'k_plan', 'h_bord_x0', 'source_sigma_mm')) coût=23871611.2 (8.5s)
  LHS 2/10 : θ=[24.3574, 73.3223, 8.2705, 100.9731, 0.6195] (('facteur_couplage', 'h_bas_2d', 'k_plan', 'h_bord_x0', 'source_sigma_mm')) coût=138198484.6 (9.0s)
  LHS 3/10 : θ=[9.8932, 240.3184, 10.1426, 258.8245, 0.3811] (('facteur_couplage', 'h_bas_2d', 'k_plan', 'h_bord_x0', 'source_sigma_mm')) coût=5120036.4 (2.6s)
  LHS 4/10 : θ=[17.6818, 6.0773, 3.4585, 179.5101, 1.9732] (('facteur_couplage', 'h_bas_2d', 'k_plan', 'h_bord_x0', 'source_sigma_mm')) coût=90336907.2 (6.7s)
  LHS 5/10 : θ=[21.0665, 147.2964, 7.3294, 307.3484, 2.2154] (('facteur_couplage', 'h_bas_2d', 'k_plan', 'h_bord_x0', 'source_sigma_mm')) coût=27339539.2 (6.3s)
  LHS 6/10 : θ=[8.2182, 31.8831, 9.0192, 61.006, 2.8049] (('facteur_couplage', 'h_bas_2d', 'k_plan', 'h_bord_x0', 'source_sigma_mm')) coût=19275520.7 (2.1s)
  LHS 7/10 : θ=[13.2191, 288.4101, 5.8649, 339.7479, 0.1424] (('facteur_couplage', 'h_bas_2d', 'k_plan', 'h_bord_x0', 'source_sigma_mm')) coût=7379754.0 (4.8s)
  LHS 8/10 : θ=[29.0848, 196.1221, 4.1105, 262.3085, 1.6927] (('facteur_couplage', 'h_bas_2d', 'k_plan', 'h_bord_x0', 'source_sigma_mm')) coût=37352034.7 (9.9s)
  LHS 9/10 : θ=[1.764, 111.6083, 2.4057, 213.1731, 1.3825] (('facteur_couplage', 'h_bas_2d', 'k_plan', 'h_bord_x0', 'source_sigma_mm')) coût=14579786.4 (1.6s)
  LHS 10/10 : θ=[3.7737, 263.4307, 11.3768, 152.0595, 0.9502] (('facteur_couplage', 'h_bas_2d', 'k_plan', 'h_bord_x0', 'source_sigma_mm')) coût=11720940.8 (2.0s)
NLSQ joint : démarrage à θ0=[9.8932, 240.3184, 10.1426, 258.8245, 0.3811] (coût LHS=5120036.4) — 40 évaluations max, 4 essais, 3235 résidus.
  NLSQ éval 1 : θ=[9.89323, 240.31839, 10.1426, 258.8245, 0.3811] (('facteur_couplage', 'h_bas_2d', 'k_plan', 'h_bord_x0', 'source_sigma_mm')) coût=5120036.4 (2.4s)
  NLSQ éval 2 : θ=[10.38789, 240.31839, 10.1426, 258.8245, 0.3811] (('facteur_couplage', 'h_bas_2d', 'k_plan', 'h_bord_x0', 'source_sigma_mm')) coût=5009611.2 (2.7s)
  NLSQ éval 3 : θ=[9.89323, 252.33431, 10.1426, 258.8245, 0.3811] (('facteur_couplage', 'h_bas_2d', 'k_plan', 'h_bord_x0', 'source_sigma_mm')) coût=5523077.9 (2.6s)
  NLSQ éval 4 : θ=[9.89323, 240.31839, 10.64973, 258.8245, 0.3811] (('facteur_couplage', 'h_bas_2d', 'k_plan', 'h_bord_x0', 'source_sigma_mm')) coût=5093724.3 (2.6s)
  NLSQ éval 5 : θ=[9.89323, 240.31839, 10.1426, 271.76573, 0.3811] (('facteur_couplage', 'h_bas_2d', 'k_plan', 'h_bord_x0', 'source_sigma_mm')) coût=5135919.0 (2.7s)
  NLSQ éval 6 : θ=[9.89323, 240.31839, 10.1426, 258.8245, 0.40016] (('facteur_couplage', 'h_bas_2d', 'k_plan', 'h_bord_x0', 'source_sigma_mm')) coût=5120036.4 (2.6s)
  NLSQ éval 7 : θ=[9.52228, 212.06453, 10.44945, 51.75, 0.3811] (('facteur_couplage', 'h_bas_2d', 'k_plan', 'h_bord_x0', 'source_sigma_mm')) coût=4025350.8 (2.6s)
  NLSQ éval 8 : θ=[9.99839, 212.06453, 10.44945, 51.75, 0.3811] (('facteur_couplage', 'h_bas_2d', 'k_plan', 'h_bord_x0', 'source_sigma_mm')) coût=3974986.9 (2.5s)
  NLSQ éval 9 : θ=[9.52228, 222.66775, 10.44945, 51.75, 0.3811] (('facteur_couplage', 'h_bas_2d', 'k_plan', 'h_bord_x0', 'source_sigma_mm')) coût=4352073.3 (2.6s)
  NLSQ éval 10 : θ=[9.52228, 212.06453, 10.97192, 51.75, 0.3811] (('facteur_couplage', 'h_bas_2d', 'k_plan', 'h_bord_x0', 'source_sigma_mm')) coût=4057266.4 (2.4s)
  NLSQ éval 11 : θ=[9.52228, 212.06453, 10.44945, 54.3375, 0.3811] (('facteur_couplage', 'h_bas_2d', 'k_plan', 'h_bord_x0', 'source_sigma_mm')) coût=4028569.9 (2.5s)
  NLSQ éval 12 : θ=[9.52228, 212.06453, 10.44945, 51.75, 0.40016] (('facteur_couplage', 'h_bas_2d', 'k_plan', 'h_bord_x0', 'source_sigma_mm')) coût=4025350.8 (2.6s)
  NLSQ éval 13 : θ=[10.19372, 210.98532, 10.40406, 51.7496, 0.3811] (('facteur_couplage', 'h_bas_2d', 'k_plan', 'h_bord_x0', 'source_sigma_mm')) coût=3942055.6 (2.7s)
  NLSQ éval 14 : θ=[10.7034, 210.98532, 10.40406, 51.7496, 0.3811] (('facteur_couplage', 'h_bas_2d', 'k_plan', 'h_bord_x0', 'source_sigma_mm')) coût=3994588.3 (3.1s)
  NLSQ éval 15 : θ=[10.19372, 221.53459, 10.40406, 51.7496, 0.3811] (('facteur_couplage', 'h_bas_2d', 'k_plan', 'h_bord_x0', 'source_sigma_mm')) coût=4211100.6 (2.9s)
  NLSQ éval 16 : θ=[10.19372, 210.98532, 10.92426, 51.7496, 0.3811] (('facteur_couplage', 'h_bas_2d', 'k_plan', 'h_bord_x0', 'source_sigma_mm')) coût=4015224.2 (2.7s)
  NLSQ éval 17 : θ=[10.19372, 210.98532, 10.40406, 54.33708, 0.3811] (('facteur_couplage', 'h_bas_2d', 'k_plan', 'h_bord_x0', 'source_sigma_mm')) coût=3944695.5 (2.1s)
  NLSQ éval 18 : θ=[10.19372, 210.98532, 10.40406, 51.7496, 0.40016] (('facteur_couplage', 'h_bas_2d', 'k_plan', 'h_bord_x0', 'source_sigma_mm')) coût=3942055.6 (2.2s)
  NLSQ éval 19 : θ=[9.80737, 203.39555, 8.9621, 51.7467, 0.3811] (('facteur_couplage', 'h_bas_2d', 'k_plan', 'h_bord_x0', 'source_sigma_mm')) coût=3736706.8 (2.3s)
  NLSQ éval 20 : θ=[10.29774, 203.39555, 8.9621, 51.7467, 0.3811] (('facteur_couplage', 'h_bas_2d', 'k_plan', 'h_bord_x0', 'source_sigma_mm')) coût=3696406.7 (2.5s)
  NLSQ éval 21 : θ=[9.80737, 213.56533, 8.9621, 51.7467, 0.3811] (('facteur_couplage', 'h_bas_2d', 'k_plan', 'h_bord_x0', 'source_sigma_mm')) coût=4067694.4 (2.3s)
  NLSQ éval 22 : θ=[9.80737, 203.39555, 9.41021, 51.7467, 0.3811] (('facteur_couplage', 'h_bas_2d', 'k_plan', 'h_bord_x0', 'source_sigma_mm')) coût=3711990.2 (1.9s)
  NLSQ éval 23 : θ=[9.80737, 203.39555, 8.9621, 54.33404, 0.3811] (('facteur_couplage', 'h_bas_2d', 'k_plan', 'h_bord_x0', 'source_sigma_mm')) coût=3740742.6 (2.6s)
  NLSQ éval 24 : θ=[9.80737, 203.39555, 8.9621, 51.7467, 0.40016] (('facteur_couplage', 'h_bas_2d', 'k_plan', 'h_bord_x0', 'source_sigma_mm')) coût=3736706.8 (3.6s)
  NLSQ éval 25 : θ=[10.42867, 202.17892, 9.01813, 51.74615, 0.3811] (('facteur_couplage', 'h_bas_2d', 'k_plan', 'h_bord_x0', 'source_sigma_mm')) coût=3662574.9 (3.0s)
  NLSQ éval 26 : θ=[10.9501, 202.17892, 9.01813, 51.74615, 0.3811] (('facteur_couplage', 'h_bas_2d', 'k_plan', 'h_bord_x0', 'source_sigma_mm')) coût=3720133.5 (3.1s)
  NLSQ éval 27 : θ=[10.42867, 212.28787, 9.01813, 51.74615, 0.3811] (('facteur_couplage', 'h_bas_2d', 'k_plan', 'h_bord_x0', 'source_sigma_mm')) coût=3936178.5 (3.0s)
  NLSQ éval 28 : θ=[10.42867, 202.17892, 9.46904, 51.74615, 0.3811] (('facteur_couplage', 'h_bas_2d', 'k_plan', 'h_bord_x0', 'source_sigma_mm')) coût=3670999.7 (2.9s)
  NLSQ éval 29 : θ=[10.42867, 202.17892, 9.01813, 54.33345, 0.3811] (('facteur_couplage', 'h_bas_2d', 'k_plan', 'h_bord_x0', 'source_sigma_mm')) coût=3666139.1 (3.0s)
  NLSQ éval 30 : θ=[10.42867, 202.17892, 9.01813, 51.74615, 0.40016] (('facteur_couplage', 'h_bas_2d', 'k_plan', 'h_bord_x0', 'source_sigma_mm')) coût=3662574.9 (2.8s)
  NLSQ éval 31 : θ=[7.60346, 160.76422, 9.59623, 51.72527, 0.3811] (('facteur_couplage', 'h_bas_2d', 'k_plan', 'h_bord_x0', 'source_sigma_mm')) coût=2996059.6 (2.1s)
  NLSQ éval 32 : θ=[7.98364, 160.76422, 9.59623, 51.72527, 0.3811] (('facteur_couplage', 'h_bas_2d', 'k_plan', 'h_bord_x0', 'source_sigma_mm')) coût=2845333.3 (2.1s)
  NLSQ éval 33 : θ=[7.60346, 168.80243, 9.59623, 51.72527, 0.3811] (('facteur_couplage', 'h_bas_2d', 'k_plan', 'h_bord_x0', 'source_sigma_mm')) coût=3276979.5 (2.2s)
  NLSQ éval 34 : θ=[7.60346, 160.76422, 10.07604, 51.72527, 0.3811] (('facteur_couplage', 'h_bas_2d', 'k_plan', 'h_bord_x0', 'source_sigma_mm')) coût=2991426.9 (2.2s)
  NLSQ éval 35 : θ=[7.60346, 160.76422, 9.59623, 54.31153, 0.3811] (('facteur_couplage', 'h_bas_2d', 'k_plan', 'h_bord_x0', 'source_sigma_mm')) coût=2999287.7 (2.6s)
  NLSQ éval 36 : θ=[7.60346, 160.76422, 9.59623, 51.72527, 0.40016] (('facteur_couplage', 'h_bas_2d', 'k_plan', 'h_bord_x0', 'source_sigma_mm')) coût=2996059.6 (2.5s)
  NLSQ éval 37 : θ=[8.66106, 160.26227, 9.6063, 51.72506, 0.3811] (('facteur_couplage', 'h_bas_2d', 'k_plan', 'h_bord_x0', 'source_sigma_mm')) coût=2722061.3 (2.5s)
  NLSQ éval 38 : θ=[9.09412, 160.26227, 9.6063, 51.72506, 0.3811] (('facteur_couplage', 'h_bas_2d', 'k_plan', 'h_bord_x0', 'source_sigma_mm')) coût=2753623.1 (2.7s)
  NLSQ éval 39 : θ=[8.66106, 168.27538, 9.6063, 51.72506, 0.3811] (('facteur_couplage', 'h_bas_2d', 'k_plan', 'h_bord_x0', 'source_sigma_mm')) coût=2897961.6 (2.3s)
  NLSQ éval 40 : θ=[8.66106, 160.26227, 10.08662, 51.72506, 0.3811] (('facteur_couplage', 'h_bas_2d', 'k_plan', 'h_bord_x0', 'source_sigma_mm')) coût=2794418.9 (2.4s)
  NLSQ éval 41 : θ=[8.66106, 160.26227, 9.6063, 54.31131, 0.3811] (('facteur_couplage', 'h_bas_2d', 'k_plan', 'h_bord_x0', 'source_sigma_mm')) coût=2723653.5 (2.5s)
  NLSQ éval 42 : θ=[8.66106, 160.26227, 9.6063, 51.72506, 0.40016] (('facteur_couplage', 'h_bas_2d', 'k_plan', 'h_bord_x0', 'source_sigma_mm')) coût=2722061.3 (2.5s)
  NLSQ éval 43 : θ=[9.14793, 156.65682, 8.5591, 51.72376, 0.3811] (('facteur_couplage', 'h_bas_2d', 'k_plan', 'h_bord_x0', 'source_sigma_mm')) coût=2587619.8 (2.8s)
  NLSQ éval 44 : θ=[9.60533, 156.65682, 8.5591, 51.72376, 0.3811] (('facteur_couplage', 'h_bas_2d', 'k_plan', 'h_bord_x0', 'source_sigma_mm')) coût=2666921.5 (2.4s)
  NLSQ éval 45 : θ=[9.14793, 164.48966, 8.5591, 51.72376, 0.3811] (('facteur_couplage', 'h_bas_2d', 'k_plan', 'h_bord_x0', 'source_sigma_mm')) coût=2747440.1 (2.6s)
  NLSQ éval 46 : θ=[9.14793, 156.65682, 8.98706, 51.72376, 0.3811] (('facteur_couplage', 'h_bas_2d', 'k_plan', 'h_bord_x0', 'source_sigma_mm')) coût=2621097.3 (2.4s)
  NLSQ éval 47 : θ=[9.14793, 156.65682, 8.5591, 54.30995, 0.3811] (('facteur_couplage', 'h_bas_2d', 'k_plan', 'h_bord_x0', 'source_sigma_mm')) coût=2589924.2 (2.6s)
  NLSQ éval 48 : θ=[9.14793, 156.65682, 8.5591, 51.72376, 0.40016] (('facteur_couplage', 'h_bas_2d', 'k_plan', 'h_bord_x0', 'source_sigma_mm')) coût=2587619.8 (2.6s)
  NLSQ éval 49 : θ=[8.77355, 155.22912, 8.45639, 51.72292, 0.3811] (('facteur_couplage', 'h_bas_2d', 'k_plan', 'h_bord_x0', 'source_sigma_mm')) coût=2555655.3 (2.5s)
  NLSQ éval 50 : θ=[9.21222, 155.22912, 8.45639, 51.72292, 0.3811] (('facteur_couplage', 'h_bas_2d', 'k_plan', 'h_bord_x0', 'source_sigma_mm')) coût=2563324.2 (2.7s)
  NLSQ éval 51 : θ=[8.77355, 162.99058, 8.45639, 51.72292, 0.3811] (('facteur_couplage', 'h_bas_2d', 'k_plan', 'h_bord_x0', 'source_sigma_mm')) coût=2753491.3 (2.5s)
  NLSQ éval 52 : θ=[8.77355, 155.22912, 8.87921, 51.72292, 0.3811] (('facteur_couplage', 'h_bas_2d', 'k_plan', 'h_bord_x0', 'source_sigma_mm')) coût=2562521.6 (2.4s)
  NLSQ éval 53 : θ=[8.77355, 155.22912, 8.45639, 54.30906, 0.3811] (('facteur_couplage', 'h_bas_2d', 'k_plan', 'h_bord_x0', 'source_sigma_mm')) coût=2558528.7 (2.5s)
  NLSQ éval 54 : θ=[8.77355, 155.22912, 8.45639, 51.72292, 0.40016] (('facteur_couplage', 'h_bas_2d', 'k_plan', 'h_bord_x0', 'source_sigma_mm')) coût=2555655.3 (2.6s)
  NLSQ éval 55 : θ=[9.01191, 154.72807, 8.47262, 51.72264, 0.3811] (('facteur_couplage', 'h_bas_2d', 'k_plan', 'h_bord_x0', 'source_sigma_mm')) coût=2540509.3 (2.7s)
  NLSQ éval 56 : θ=[9.46251, 154.72807, 8.47262, 51.72264, 0.3811] (('facteur_couplage', 'h_bas_2d', 'k_plan', 'h_bord_x0', 'source_sigma_mm')) coût=2604178.7 (3.0s)
  NLSQ éval 57 : θ=[9.01191, 162.46447, 8.47262, 51.72264, 0.3811] (('facteur_couplage', 'h_bas_2d', 'k_plan', 'h_bord_x0', 'source_sigma_mm')) coût=2709530.1 (2.6s)
  NLSQ éval 58 : θ=[9.01191, 154.72807, 8.89625, 51.72264, 0.3811] (('facteur_couplage', 'h_bas_2d', 'k_plan', 'h_bord_x0', 'source_sigma_mm')) coût=2566766.6 (2.5s)
  NLSQ éval 59 : θ=[9.01191, 154.72807, 8.47262, 54.30877, 0.3811] (('facteur_couplage', 'h_bas_2d', 'k_plan', 'h_bord_x0', 'source_sigma_mm')) coût=2542971.4 (2.7s)
  NLSQ éval 60 : θ=[9.01191, 154.72807, 8.47262, 51.72264, 0.40016] (('facteur_couplage', 'h_bas_2d', 'k_plan', 'h_bord_x0', 'source_sigma_mm')) coût=2540509.3 (2.7s)
  NLSQ éval 61 : θ=[8.41157, 150.65901, 8.3553, 51.72025, 0.3811] (('facteur_couplage', 'h_bas_2d', 'k_plan', 'h_bord_x0', 'source_sigma_mm')) coût=2492092.6 (2.6s)
  NLSQ éval 62 : θ=[8.83215, 150.65901, 8.3553, 51.72025, 0.3811] (('facteur_couplage', 'h_bas_2d', 'k_plan', 'h_bord_x0', 'source_sigma_mm')) coût=2458798.4 (2.9s)
  NLSQ éval 63 : θ=[8.41157, 158.19197, 8.3553, 51.72025, 0.3811] (('facteur_couplage', 'h_bas_2d', 'k_plan', 'h_bord_x0', 'source_sigma_mm')) coût=2705815.6 (2.3s)
  NLSQ éval 64 : θ=[8.41157, 150.65901, 8.77306, 51.72025, 0.3811] (('facteur_couplage', 'h_bas_2d', 'k_plan', 'h_bord_x0', 'source_sigma_mm')) coût=2478887.4 (2.5s)
  NLSQ éval 65 : θ=[8.41157, 150.65901, 8.3553, 54.30626, 0.3811] (('facteur_couplage', 'h_bas_2d', 'k_plan', 'h_bord_x0', 'source_sigma_mm')) coût=2495176.0 (2.6s)
  NLSQ éval 66 : θ=[8.41157, 150.65901, 8.3553, 51.72025, 0.40016] (('facteur_couplage', 'h_bas_2d', 'k_plan', 'h_bord_x0', 'source_sigma_mm')) coût=2492092.6 (2.6s)
  NLSQ éval 67 : θ=[8.81414, 150.25764, 8.38476, 51.72002, 0.3811] (('facteur_couplage', 'h_bas_2d', 'k_plan', 'h_bord_x0', 'source_sigma_mm')) coût=2451483.5 (2.6s)
  NLSQ éval 68 : θ=[9.25484, 150.25764, 8.38476, 51.72002, 0.3811] (('facteur_couplage', 'h_bas_2d', 'k_plan', 'h_bord_x0', 'source_sigma_mm')) coût=2498960.5 (2.7s)
  NLSQ éval 69 : θ=[8.81414, 157.77053, 8.38476, 51.72002, 0.3811] (('facteur_couplage', 'h_bas_2d', 'k_plan', 'h_bord_x0', 'source_sigma_mm')) coût=2614374.8 (2.6s)
  NLSQ éval 70 : θ=[8.81414, 150.25764, 8.804, 51.72002, 0.3811] (('facteur_couplage', 'h_bas_2d', 'k_plan', 'h_bord_x0', 'source_sigma_mm')) coût=2469407.7 (2.4s)
  NLSQ éval 71 : θ=[8.81414, 150.25764, 8.38476, 54.30603, 0.3811] (('facteur_couplage', 'h_bas_2d', 'k_plan', 'h_bord_x0', 'source_sigma_mm')) coût=2453915.9 (2.5s)
  NLSQ éval 72 : θ=[8.81414, 150.25764, 8.38476, 51.72002, 0.40016] (('facteur_couplage', 'h_bas_2d', 'k_plan', 'h_bord_x0', 'source_sigma_mm')) coût=2451483.5 (2.8s)
  NLSQ éval 73 : θ=[7.26866, 113.77693, 8.6515, 51.69787, 0.3811] (('facteur_couplage', 'h_bas_2d', 'k_plan', 'h_bord_x0', 'source_sigma_mm')) coût=1943603.0 (2.5s)
  NLSQ éval 74 : θ=[7.63209, 113.77693, 8.6515, 51.69787, 0.3811] (('facteur_couplage', 'h_bas_2d', 'k_plan', 'h_bord_x0', 'source_sigma_mm')) coût=1972524.0 (2.5s)
  NLSQ éval 75 : θ=[7.26866, 119.46578, 8.6515, 51.69787, 0.3811] (('facteur_couplage', 'h_bas_2d', 'k_plan', 'h_bord_x0', 'source_sigma_mm')) coût=2018606.5 (2.3s)
  NLSQ éval 76 : θ=[7.26866, 113.77693, 9.08408, 51.69787, 0.3811] (('facteur_couplage', 'h_bas_2d', 'k_plan', 'h_bord_x0', 'source_sigma_mm')) coût=2012310.6 (2.3s)
  NLSQ éval 77 : θ=[7.26866, 113.77693, 8.6515, 54.28277, 0.3811] (('facteur_couplage', 'h_bas_2d', 'k_plan', 'h_bord_x0', 'source_sigma_mm')) coût=1943582.1 (2.3s)
  NLSQ éval 78 : θ=[7.26866, 113.77693, 8.6515, 51.69787, 0.40016] (('facteur_couplage', 'h_bas_2d', 'k_plan', 'h_bord_x0', 'source_sigma_mm')) coût=1943603.0 (2.3s)
  NLSQ éval 79 : θ=[6.70184, 91.16887, 7.72692, 62.75104, 0.3811] (('facteur_couplage', 'h_bas_2d', 'k_plan', 'h_bord_x0', 'source_sigma_mm')) coût=1723816.0 (2.0s)
  NLSQ éval 80 : θ=[7.03694, 91.16887, 7.72692, 62.75104, 0.3811] (('facteur_couplage', 'h_bas_2d', 'k_plan', 'h_bord_x0', 'source_sigma_mm')) coût=1753324.3 (2.2s)
  NLSQ éval 81 : θ=[6.70184, 95.72731, 7.72692, 62.75104, 0.3811] (('facteur_couplage', 'h_bas_2d', 'k_plan', 'h_bord_x0', 'source_sigma_mm')) coût=1765968.0 (2.0s)
  NLSQ éval 82 : θ=[6.70184, 91.16887, 8.11327, 62.75104, 0.3811] (('facteur_couplage', 'h_bas_2d', 'k_plan', 'h_bord_x0', 'source_sigma_mm')) coût=1761332.9 (2.1s)
  NLSQ éval 83 : θ=[6.70184, 91.16887, 7.72692, 65.88859, 0.3811] (('facteur_couplage', 'h_bas_2d', 'k_plan', 'h_bord_x0', 'source_sigma_mm')) coût=1724228.9 (2.0s)
  NLSQ éval 84 : θ=[6.70184, 91.16887, 7.72692, 62.75104, 0.40016] (('facteur_couplage', 'h_bas_2d', 'k_plan', 'h_bord_x0', 'source_sigma_mm')) coût=1723816.0 (2.1s)
  NLSQ éval 85 : θ=[6.77905, 91.13447, 7.71384, 62.75094, 0.3811] (('facteur_couplage', 'h_bas_2d', 'k_plan', 'h_bord_x0', 'source_sigma_mm')) coût=1722844.6 (2.7s)
  NLSQ éval 86 : θ=[7.11801, 91.13447, 7.71384, 62.75094, 0.3811] (('facteur_couplage', 'h_bas_2d', 'k_plan', 'h_bord_x0', 'source_sigma_mm')) coût=1773048.5 (2.6s)
  NLSQ éval 87 : θ=[6.77905, 95.69119, 7.71384, 62.75094, 0.3811] (('facteur_couplage', 'h_bas_2d', 'k_plan', 'h_bord_x0', 'source_sigma_mm')) coût=1752675.2 (2.9s)
  NLSQ éval 88 : θ=[6.77905, 91.13447, 8.09953, 62.75094, 0.3811] (('facteur_couplage', 'h_bas_2d', 'k_plan', 'h_bord_x0', 'source_sigma_mm')) coût=1765112.6 (2.3s)
  NLSQ éval 89 : θ=[6.77905, 91.13447, 7.71384, 65.88849, 0.3811] (('facteur_couplage', 'h_bas_2d', 'k_plan', 'h_bord_x0', 'source_sigma_mm')) coût=1722983.8 (7.9s)
  NLSQ éval 90 : θ=[6.77905, 91.13447, 7.71384, 62.75094, 0.40016] (('facteur_couplage', 'h_bas_2d', 'k_plan', 'h_bord_x0', 'source_sigma_mm')) coût=1722844.6 (5.7s)
  NLSQ éval 91 : θ=[6.75542, 91.02024, 7.5972, 62.75081, 0.3811] (('facteur_couplage', 'h_bas_2d', 'k_plan', 'h_bord_x0', 'source_sigma_mm')) coût=1721720.1 (1.9s)
  NLSQ éval 92 : θ=[7.09319, 91.02024, 7.5972, 62.75081, 0.3811] (('facteur_couplage', 'h_bas_2d', 'k_plan', 'h_bord_x0', 'source_sigma_mm')) coût=1752977.3 (2.9s)
  NLSQ éval 93 : θ=[6.75542, 95.57126, 7.5972, 62.75081, 0.3811] (('facteur_couplage', 'h_bas_2d', 'k_plan', 'h_bord_x0', 'source_sigma_mm')) coût=1762050.8 (2.5s)
  NLSQ éval 94 : θ=[6.75542, 91.02024, 7.97706, 62.75081, 0.3811] (('facteur_couplage', 'h_bas_2d', 'k_plan', 'h_bord_x0', 'source_sigma_mm')) coût=1739358.0 (1.7s)
  NLSQ éval 95 : θ=[6.75542, 91.02024, 7.5972, 65.88836, 0.3811] (('facteur_couplage', 'h_bas_2d', 'k_plan', 'h_bord_x0', 'source_sigma_mm')) coût=1722315.5 (1.9s)
  NLSQ éval 96 : θ=[6.75542, 91.02024, 7.5972, 62.75081, 0.40016] (('facteur_couplage', 'h_bas_2d', 'k_plan', 'h_bord_x0', 'source_sigma_mm')) coût=1721720.1 (1.9s)
  NLSQ éval 97 : θ=[6.80557, 90.99411, 7.59963, 62.75069, 0.3811] (('facteur_couplage', 'h_bas_2d', 'k_plan', 'h_bord_x0', 'source_sigma_mm')) coût=1722721.3 (1.8s)
  NLSQ éval 98 : θ=[6.76775, 91.01223, 7.59774, 62.75078, 0.3811] (('facteur_couplage', 'h_bas_2d', 'k_plan', 'h_bord_x0', 'source_sigma_mm')) coût=1722189.7 (2.0s)
  NLSQ éval 99 : θ=[6.75855, 91.01854, 7.59735, 62.75081, 0.3811] (('facteur_couplage', 'h_bas_2d', 'k_plan', 'h_bord_x0', 'source_sigma_mm')) coût=1722962.2 (1.8s)
  ATTENTION : JTJ singulière -- covariance non calculable (paramètre non identifiable).

=== θ*_new joint ===
  facteur_couplage = 6.7554 ± nan
  h_bas_2d = 91.02 ± nan
  k_plan = 7.5972 ± nan
  h_bord_x0 = 62.751 ± nan
  source_sigma_mm = 0.3811 ± nan
Coût final : 1721720.1 | succès : True (99 évaluations NLSQ) | message : `xtol` termination condition is satisfied.

=== Table de comparaison (essais JOINT) ===
                 essai  TC  rmse_ref  rmse_new  dTmax_ref  dTmax_new
             exp7_200A TC1      14.1      25.6       37.0      -19.9
             exp7_200A TC2      25.7      33.2      -56.2      -51.0
             exp7_200A TC3      24.8      17.5      -31.7      -19.0
             exp7_200A TC4      16.8      14.0      -18.9      -13.7
             exp7_200A TC5      16.3      23.6       42.1      -14.8
             exp7_150A TC1      23.2      25.9       55.2      -21.0
             exp7_150A TC2      22.6      37.3      -24.1      -53.1
             exp7_150A TC3      25.0      25.2      -20.3      -24.9
             exp7_150A TC4      20.9      20.6       18.8      -10.2
             exp7_150A TC5      23.4      25.3       55.0      -21.1
             exp7_250A TC1      15.5      22.4       50.2        8.1
             exp7_250A TC2      26.9      33.4      -63.3      -50.9
             exp7_250A TC3      28.3      21.3      -41.1      -27.6
             exp7_250A TC4      16.0      19.0      -36.3      -24.0
             exp7_250A TC5      15.1      23.4       56.3       14.2
exp9_200A_y20_monospot TC1       9.7       3.8      -11.9       -1.5
exp9_200A_y20_monospot TC2       8.2       9.8        8.9       17.5
exp9_200A_y20_monospot TC3      40.5      15.1       24.2       37.3
exp9_200A_y20_monospot TC4      14.7       8.2      -13.1       -4.5
exp9_200A_y20_monospot TC5      11.3       5.1      -11.0       -2.6

RMSE moyen (JOINT) : réf=20.0 °C vs new=20.5 °C
|ΔT_max| moyen (JOINT) : réf=33.8 °C vs new=21.9 °C

=== Table de comparaison (essais HOLD-OUT, non vus par le fit) ===
             essai  TC  rmse_ref  rmse_new  dTmax_ref  dTmax_new
exp9_200A_monospot TC1      11.0       8.4      -11.4       -7.7
exp9_200A_monospot TC2       9.6       9.5      -15.0      -11.0
exp9_200A_monospot TC3      11.4      28.8      -22.2      -62.4
exp9_200A_monospot TC4      17.8      16.8      -30.3      -26.3
exp9_200A_monospot TC5      13.5      11.2      -16.7      -14.4

RMSE moyen (HOLD-OUT) : réf=12.7 °C vs new=14.9 °C
|ΔT_max| moyen (HOLD-OUT) : réf=19.1 °C vs new=24.3 °C

RMSE moyen GLOBAL (tous essais rapportés) : réf=18.5 °C vs new=19.4 °C

Validation croisée manuelle (2D) :
  python scripts/valider.py --modele 2D --facteur 6.7554 --decalage-x 0 --h-haut 30.087 --h-bas-2d 91.02 --h-bord-x0 62.751 --essais exp7_200A exp7_150A exp7_250A exp9_200A_y20_monospot exp9_200A_monospot --source-sigma-mm 0.3811
  (NB : k_plan n'est pas un flag de valider.py -- l'appliquer via config/materiaux.yaml:cf_pekk.k_plan avant de rejouer, ou utiliser ce script.)
