Vérification de code par solution EXACTE (MMS / benchmark) — solveur thermique 2D
==============================================================================
Date : 2026-07-28. Outils : skills `benchmark-and-mms-planner` (plan V&V) +
`convergence-study` (verdict d'ordre). Preuve la plus forte de la campagne V&V :
le solveur est confronté à une SOLUTION ANALYTIQUE EXACTE.

PLAN (benchmark_mms_planner : diffusion, 2D, ordre 2, réf analytique, risque élevé)
----------------------------------------------------------------------------------
Stratégie « MMS + benchmark » ; 4 grilles r=2 ; normes L2 + L∞ ; ordre observé
min accepté 1,8 ; raffinement temporel demandé. Aucun warning.

BENCHMARK EXACT — diffusion pure, mode cosinus (satisfait Neumann flux nul)
--------------------------------------------------------------------------
Neutralisation de tout sauf la diffusion : émissivité=0, h_convection=0,
h_bord_x0=0, h_bas_2d=0, source=0. Reste : ∂T/∂t = α ∇²T, CL Neumann.
Solution exacte : T*(x,y,t) = T_amb + A·cos(πx/Lx)·cos(πy/Ly)·exp(−α·λ·t),
  λ = (π/Lx)² + (π/Ly)² = 6853,9 m⁻² ; α = k_plan/(ρ·cp) = 1,5625e-6 m²/s ;
  A=10 °C, T_amb=20 °C, t_final=30 s (décroissance ×0,725). Tolérances BDF
  rtol=atol=1e-9, max_step=0,25 s (erreur temporelle ≪ spatiale).

RÉSULTATS (erreur numérique vs exact, à t=30 s)
-----------------------------------------------
  grille    dx(mm)   L2 err       L∞ err
  16×6       8,0     3,856e-2     6,927e-2
  31×11      4,0     9,245e-3     1,742e-2
  61×21      2,0     2,251e-3     4,363e-3
  121×41     1,0     5,544e-4     1,091e-3

Ordres observés (successifs, r=2) :
  L2  : 2,06 / 2,04 / 2,02   (mean 2,06 -> h_refinement : PASS, <10% de 2,0)
  L∞  : 1,99 / 2,00 / 2,00

VERDICT
-------
Contre une solution EXACTE, le solveur converge à l'ORDRE 2 en L2 ET L∞, de façon
COHÉRENTE sur 4 grilles systématiquement raffinées (régime asymptotique confirmé
par la constance de l'ordre). => la discrétisation spatiale (Laplacien 5 points +
CL Neumann flux nul + intégration BDF) est VÉRIFIÉE et sans bug. C'est la preuve
de vérification de code la plus forte (au-delà de la convergence de maillage sur le
QoI physique, cf. resultats_convergence_gci.log).

Note temporelle : le BDF est à pas/ordre ADAPTATIFS (erreur pilotée à rtol/atol=1e-9),
donc l'erreur temporelle est maintenue très en dessous de la spatiale — ce que
confirme la propreté de l'ordre 2 (une pollution temporelle casserait l'ordre). Une
étude d'ordre temporel à pas fixe n'est pas pertinente pour un intégrateur adaptatif.

Bilan campagne V&V (skills heshamfs) :
  - stabilité/raideur/conditionnement : resultats_stabilite_numerique.log
  - convergence de maillage + GCI (QoI physique) : resultats_convergence_gci.log
  - vérification par solution exacte (ordre 2) : CE FICHIER
