Chargement des essais joints : ['exp7_150A', 'exp7_176A', 'exp7_200A', 'exp7_250A', 'exp9_200A_y20_monospot', 'exp9_175A_monospot', 'exp9_200A_monospot', 'exp9_250A_monospot']
Chargement des essais held-out : ['exp7_225A', 'exp9_226A_monospot']
Paramètres calibrés : ('facteur_couplage', 'h_bas_2d', 'kx', 'ky', 'h_bord_x0')
Bornes basses : [0.5, 2.0, 2.0, 2.0, 50.0]
Bornes hautes : [30.0, 300.0, 12.0, 12.0, 400.0]
h_haut FIGÉ à 30.087 (non-identifiable, cf. docstring module).
  LHS 1/12 : θ=[11.2258, 293.3003, 11.9659, 5.3196, 84.613] (('facteur_couplage', 'h_bas_2d', 'kx', 'ky', 'h_bord_x0')) coût=14908367.0 (0.4s)
  LHS 2/12 : θ=[15.4645, 235.2685, 6.3921, 8.2136, 343.5604] (('facteur_couplage', 'h_bas_2d', 'kx', 'ky', 'h_bord_x0')) coût=15878175.7 (0.8s)
  LHS 3/12 : θ=[20.6194, 51.5987, 7.1188, 6.1387, 174.5517] (('facteur_couplage', 'h_bas_2d', 'kx', 'ky', 'h_bord_x0')) coût=124045752.8 (1.1s)
  LHS 4/12 : θ=[4.9848, 129.5644, 9.0488, 9.2502, 300.1716] (('facteur_couplage', 'h_bas_2d', 'kx', 'ky', 'h_bord_x0')) coût=13780678.4 (0.3s)
  LHS 5/12 : θ=[15.1804, 98.247, 10.6078, 2.294, 265.3846] (('facteur_couplage', 'h_bas_2d', 'kx', 'ky', 'h_bord_x0')) coût=33699577.8 (0.8s)
  LHS 6/12 : θ=[19.2235, 175.9026, 3.6826, 6.4287, 118.5283] (('facteur_couplage', 'h_bas_2d', 'kx', 'ky', 'h_bord_x0')) coût=24524521.9 (1.0s)
  LHS 7/12 : θ=[8.6409, 215.8418, 10.2208, 7.2321, 209.6772] (('facteur_couplage', 'h_bas_2d', 'kx', 'ky', 'h_bord_x0')) coût=13200190.8 (0.3s)
  LHS 8/12 : θ=[7.1123, 14.7684, 5.4254, 10.3883, 243.731] (('facteur_couplage', 'h_bas_2d', 'kx', 'ky', 'h_bord_x0')) coût=11664974.8 (0.3s)
  LHS 9/12 : θ=[1.5533, 267.1736, 3.1714, 10.0517, 155.2444] (('facteur_couplage', 'h_bas_2d', 'kx', 'ky', 'h_bord_x0')) coût=31673799.0 (0.3s)
  LHS 10/12 : θ=[25.3531, 170.1923, 2.314, 11.93, 54.8812] (('facteur_couplage', 'h_bas_2d', 'kx', 'ky', 'h_bord_x0')) coût=49104055.3 (1.2s)
  LHS 11/12 : θ=[23.1484, 120.2223, 4.6029, 4.4512, 331.8633] (('facteur_couplage', 'h_bas_2d', 'kx', 'ky', 'h_bord_x0')) coût=48885293.4 (1.2s)
  LHS 12/12 : θ=[29.6306, 65.3166, 8.0031, 3.4745, 398.4827] (('facteur_couplage', 'h_bas_2d', 'kx', 'ky', 'h_bord_x0')) coût=243044070.4 (1.5s)
NLSQ joint : démarrage à θ0=[7.1123, 14.7684, 5.4254, 10.3883, 243.731] (coût LHS=11664974.8) — 80 évaluations max, 8 essais, 7100 résidus.
  NLSQ éval 1 : θ=[7.11232, 14.76842, 5.42543, 10.3883, 243.73097] (('facteur_couplage', 'h_bas_2d', 'kx', 'ky', 'h_bord_x0')) coût=11664974.8 (0.3s)
  NLSQ éval 2 : θ=[7.46794, 14.76842, 5.42543, 10.3883, 243.73097] (('facteur_couplage', 'h_bas_2d', 'kx', 'ky', 'h_bord_x0')) coût=12866930.7 (0.3s)
  NLSQ éval 3 : θ=[7.11232, 15.50684, 5.42543, 10.3883, 243.73097] (('facteur_couplage', 'h_bas_2d', 'kx', 'ky', 'h_bord_x0')) coût=11519088.3 (0.3s)
  NLSQ éval 4 : θ=[7.11232, 14.76842, 5.6967, 10.3883, 243.73097] (('facteur_couplage', 'h_bas_2d', 'kx', 'ky', 'h_bord_x0')) coût=11614739.0 (0.3s)
  NLSQ éval 5 : θ=[7.11232, 14.76842, 5.42543, 10.90771, 243.73097] (('facteur_couplage', 'h_bas_2d', 'kx', 'ky', 'h_bord_x0')) coût=11614469.2 (0.3s)
  NLSQ éval 6 : θ=[7.11232, 14.76842, 5.42543, 10.3883, 255.91752] (('facteur_couplage', 'h_bas_2d', 'kx', 'ky', 'h_bord_x0')) coût=11705898.0 (0.3s)
  NLSQ éval 7 : θ=[6.41929, 43.21835, 6.58424, 10.89447, 100.10357] (('facteur_couplage', 'h_bas_2d', 'kx', 'ky', 'h_bord_x0')) coût=6842965.0 (0.3s)
  NLSQ éval 8 : θ=[6.74025, 43.21835, 6.58424, 10.89447, 100.10357] (('facteur_couplage', 'h_bas_2d', 'kx', 'ky', 'h_bord_x0')) coût=7078595.3 (0.3s)
  NLSQ éval 9 : θ=[6.41929, 45.37926, 6.58424, 10.89447, 100.10357] (('facteur_couplage', 'h_bas_2d', 'kx', 'ky', 'h_bord_x0')) coût=6788455.4 (0.3s)
  NLSQ éval 10 : θ=[6.41929, 43.21835, 6.91345, 10.89447, 100.10357] (('facteur_couplage', 'h_bas_2d', 'kx', 'ky', 'h_bord_x0')) coût=6746517.7 (0.3s)
  NLSQ éval 11 : θ=[6.41929, 43.21835, 6.58424, 11.43919, 100.10357] (('facteur_couplage', 'h_bas_2d', 'kx', 'ky', 'h_bord_x0')) coût=6856243.2 (0.3s)
  NLSQ éval 12 : θ=[6.41929, 43.21835, 6.58424, 10.89447, 105.10875] (('facteur_couplage', 'h_bas_2d', 'kx', 'ky', 'h_bord_x0')) coût=6858994.4 (0.3s)
  NLSQ éval 13 : θ=[6.40611, 58.73486, 7.55741, 6.31545, 65.2795] (('facteur_couplage', 'h_bas_2d', 'kx', 'ky', 'h_bord_x0')) coût=6346337.9 (0.3s)
  NLSQ éval 14 : θ=[6.72641, 58.73486, 7.55741, 6.31545, 65.2795] (('facteur_couplage', 'h_bas_2d', 'kx', 'ky', 'h_bord_x0')) coût=6427280.8 (0.3s)
  NLSQ éval 15 : θ=[6.40611, 61.67161, 7.55741, 6.31545, 65.2795] (('facteur_couplage', 'h_bas_2d', 'kx', 'ky', 'h_bord_x0')) coût=6343945.5 (0.3s)
  NLSQ éval 16 : θ=[6.40611, 58.73486, 7.93528, 6.31545, 65.2795] (('facteur_couplage', 'h_bas_2d', 'kx', 'ky', 'h_bord_x0')) coût=6349259.4 (0.3s)
  NLSQ éval 17 : θ=[6.40611, 58.73486, 7.55741, 6.63123, 65.2795] (('facteur_couplage', 'h_bas_2d', 'kx', 'ky', 'h_bord_x0')) coût=6337665.2 (0.3s)
  NLSQ éval 18 : θ=[6.40611, 58.73486, 7.55741, 6.31545, 68.54348] (('facteur_couplage', 'h_bas_2d', 'kx', 'ky', 'h_bord_x0')) coût=6354295.9 (0.3s)
  NLSQ éval 19 : θ=[6.5451, 65.91463, 7.92896, 9.35049, 51.81104] (('facteur_couplage', 'h_bas_2d', 'kx', 'ky', 'h_bord_x0')) coût=6251723.6 (0.3s)
  NLSQ éval 20 : θ=[6.87235, 65.91463, 7.92896, 9.35049, 51.81104] (('facteur_couplage', 'h_bas_2d', 'kx', 'ky', 'h_bord_x0')) coût=6336052.5 (0.3s)
  NLSQ éval 21 : θ=[6.5451, 69.21036, 7.92896, 9.35049, 51.81104] (('facteur_couplage', 'h_bas_2d', 'kx', 'ky', 'h_bord_x0')) coût=6264948.5 (0.3s)
  NLSQ éval 22 : θ=[6.5451, 65.91463, 8.3254, 9.35049, 51.81104] (('facteur_couplage', 'h_bas_2d', 'kx', 'ky', 'h_bord_x0')) coût=6273790.8 (0.3s)
  NLSQ éval 23 : θ=[6.5451, 65.91463, 7.92896, 9.81802, 51.81104] (('facteur_couplage', 'h_bas_2d', 'kx', 'ky', 'h_bord_x0')) coût=6235970.4 (0.3s)
  NLSQ éval 24 : θ=[6.5451, 65.91463, 7.92896, 9.35049, 54.40159] (('facteur_couplage', 'h_bas_2d', 'kx', 'ky', 'h_bord_x0')) coût=6257038.5 (0.3s)
  NLSQ éval 25 : θ=[6.48209, 66.68528, 8.12117, 11.6915, 50.15866] (('facteur_couplage', 'h_bas_2d', 'kx', 'ky', 'h_bord_x0')) coût=6246138.4 (0.3s)
  NLSQ éval 26 : θ=[6.8062, 66.68528, 8.12117, 11.6915, 50.15866] (('facteur_couplage', 'h_bas_2d', 'kx', 'ky', 'h_bord_x0')) coût=6317954.1 (0.3s)
  NLSQ éval 27 : θ=[6.48209, 70.01955, 8.12117, 11.6915, 50.15866] (('facteur_couplage', 'h_bas_2d', 'kx', 'ky', 'h_bord_x0')) coût=6256805.5 (0.3s)
  NLSQ éval 28 : θ=[6.48209, 66.68528, 8.52723, 11.6915, 50.15866] (('facteur_couplage', 'h_bas_2d', 'kx', 'ky', 'h_bord_x0')) coût=6276896.3 (0.3s)
  NLSQ éval 29 : θ=[6.48209, 66.68528, 8.12117, 11.10692, 50.15866] (('facteur_couplage', 'h_bas_2d', 'kx', 'ky', 'h_bord_x0')) coût=6227997.2 (0.3s)
  NLSQ éval 30 : θ=[6.48209, 66.68528, 8.12117, 11.6915, 52.66659] (('facteur_couplage', 'h_bas_2d', 'kx', 'ky', 'h_bord_x0')) coût=6250771.1 (0.3s)
  NLSQ éval 31 : θ=[6.54737, 68.27772, 8.19939, 10.26118, 50.15697] (('facteur_couplage', 'h_bas_2d', 'kx', 'ky', 'h_bord_x0')) coût=6251877.1 (0.3s)
  NLSQ éval 32 : θ=[6.49093, 67.23494, 8.16847, 11.34861, 50.15832] (('facteur_couplage', 'h_bas_2d', 'kx', 'ky', 'h_bord_x0')) coût=6225286.2 (0.3s)
  NLSQ éval 33 : θ=[6.81547, 67.23494, 8.16847, 11.34861, 50.15832] (('facteur_couplage', 'h_bas_2d', 'kx', 'ky', 'h_bord_x0')) coût=6322902.6 (0.3s)
  NLSQ éval 34 : θ=[6.49093, 70.59669, 8.16847, 11.34861, 50.15832] (('facteur_couplage', 'h_bas_2d', 'kx', 'ky', 'h_bord_x0')) coût=6248482.1 (0.3s)
  NLSQ éval 35 : θ=[6.49093, 67.23494, 8.5769, 11.34861, 50.15832] (('facteur_couplage', 'h_bas_2d', 'kx', 'ky', 'h_bord_x0')) coût=6267738.6 (0.3s)
  NLSQ éval 36 : θ=[6.49093, 67.23494, 8.16847, 11.91604, 50.15832] (('facteur_couplage', 'h_bas_2d', 'kx', 'ky', 'h_bord_x0')) coût=6230381.6 (0.3s)
  NLSQ éval 37 : θ=[6.49093, 67.23494, 8.16847, 11.34861, 52.66624] (('facteur_couplage', 'h_bas_2d', 'kx', 'ky', 'h_bord_x0')) coût=6229921.6 (0.3s)
  NLSQ éval 38 : θ=[6.38465, 65.90138, 8.19121, 10.84797, 50.15626] (('facteur_couplage', 'h_bas_2d', 'kx', 'ky', 'h_bord_x0')) coût=6240338.8 (0.3s)
  NLSQ éval 39 : θ=[6.42901, 66.91909, 8.19153, 11.2406, 50.1579] (('facteur_couplage', 'h_bas_2d', 'kx', 'ky', 'h_bord_x0')) coût=6243944.3 (0.3s)
  NLSQ éval 40 : θ=[6.45943, 67.19605, 8.17257, 11.33259, 50.15826] (('facteur_couplage', 'h_bas_2d', 'kx', 'ky', 'h_bord_x0')) coût=6227806.4 (0.3s)
  NLSQ éval 41 : θ=[6.48212, 67.2318, 8.16771, 11.34643, 50.15831] (('facteur_couplage', 'h_bas_2d', 'kx', 'ky', 'h_bord_x0')) coût=6225582.4 (0.3s)
  NLSQ éval 42 : θ=[6.48872, 67.23442, 8.16819, 11.34814, 50.15832] (('facteur_couplage', 'h_bas_2d', 'kx', 'ky', 'h_bord_x0')) coût=6225360.7 (0.3s)

=== θ*_new joint ===
  facteur_couplage = 6.4909 ± 0.077
  h_bas_2d = 67.235 ± 1.73
  kx = 8.1685 ± 0.0845
  ky = 11.349 ± 1.33
  h_bord_x0 = 50.158 ± 9.24
Coût final : 6225286.2 | succès : True (42 évaluations NLSQ) | message : `xtol` termination condition is satisfied.
Corrélations (ordre ('facteur_couplage', 'h_bas_2d', 'kx', 'ky', 'h_bord_x0')) :
[[ 1.     0.815 -0.208 -0.081 -0.245]
 [ 0.815  1.     0.054  0.003 -0.424]
 [-0.208  0.054  1.    -0.022  0.364]
 [-0.081  0.003 -0.022  1.    -0.021]
 [-0.245 -0.424  0.364 -0.021  1.   ]]

=== Table de comparaison (essais JOINT) ===
                 essai  TC  rmse_ref  rmse_new  dTmax_ref  dTmax_new
             exp7_150A TC1      23.2      28.4       55.2      -36.6
             exp7_150A TC2      22.6      35.2      -24.1      -54.8
             exp7_150A TC3      25.0      19.9      -20.3      -18.4
             exp7_150A TC4      20.9      17.0       18.8      -11.9
             exp7_150A TC5      23.4      27.6       55.0      -36.7
             exp7_176A TC1      16.3      30.4       37.1      -49.3
             exp7_176A TC2      29.8      39.5      -62.2      -68.5
             exp7_176A TC3      30.6      21.4      -45.8      -28.9
             exp7_176A TC4      20.2      22.8      -26.8      -33.1
             exp7_176A TC5      15.6      31.2       37.7      -48.7
             exp7_200A TC1      14.1      31.0       37.0      -44.9
             exp7_200A TC2      25.7      33.4      -56.2      -53.7
             exp7_200A TC3      24.8      14.4      -31.7      -12.0
             exp7_200A TC4      16.8      13.7      -18.9      -16.4
             exp7_200A TC5      16.3      28.9       42.1      -39.8
             exp7_250A TC1      15.5      27.4       50.2      -21.3
             exp7_250A TC2      26.9      34.0      -63.3      -53.2
             exp7_250A TC3      28.3      18.5      -41.1      -20.9
             exp7_250A TC4      16.0      19.4      -36.3      -26.3
             exp7_250A TC5      15.1      28.2       56.3      -15.2
exp9_200A_y20_monospot TC1       9.7       4.9      -11.9        3.5
exp9_200A_y20_monospot TC2       8.2      12.9        8.9       21.2
exp9_200A_y20_monospot TC3      40.5      16.8       24.2       46.5
exp9_200A_y20_monospot TC4      14.7       5.9      -13.1       -0.8
exp9_200A_y20_monospot TC5      11.3       5.2      -11.0        2.5
    exp9_175A_monospot TC1       8.3       4.4       -9.3       -2.8
    exp9_175A_monospot TC2       8.8       6.3      -10.8       -4.9
    exp9_175A_monospot TC3      15.1      38.9      -29.2      -96.0
    exp9_175A_monospot TC4      17.4      13.3      -26.4      -20.5
    exp9_175A_monospot TC5       9.9       6.0      -10.0       -4.3
    exp9_200A_monospot TC1      11.0       7.1      -11.4       -5.7
    exp9_200A_monospot TC2       9.6       8.0      -15.0       -9.6
    exp9_200A_monospot TC3      11.4      31.7      -22.2      -84.0
    exp9_200A_monospot TC4      17.8      15.2      -30.3      -24.9
    exp9_200A_monospot TC5      13.5       9.9      -16.7      -12.4
    exp9_250A_monospot TC1       9.1       5.5       -9.5       -4.0
    exp9_250A_monospot TC2       8.5       6.5      -14.4       -9.2
    exp9_250A_monospot TC3       7.9      28.0       -6.0      -63.7
    exp9_250A_monospot TC4      15.2      12.0      -25.6      -20.4
    exp9_250A_monospot TC5      10.7       7.3      -18.6      -14.0

RMSE moyen (JOINT) : réf=17.1 °C vs new=19.2 °C
|ΔT_max| moyen (JOINT) : réf=28.5 °C vs new=28.5 °C

=== Table de comparaison (essais HOLD-OUT, non vus par le fit) ===
             essai  TC  rmse_ref  rmse_new  dTmax_ref  dTmax_new
         exp7_225A TC1      10.0      32.0       37.0      -40.2
         exp7_225A TC2      31.4      40.2      -75.9      -68.8
         exp7_225A TC3      30.3      22.6      -49.2      -28.9
         exp7_225A TC4      18.2      24.6      -41.7      -34.5
         exp7_225A TC5       9.6      33.7       39.3      -37.9
exp9_226A_monospot TC1       3.7       2.4       -4.8        1.5
exp9_226A_monospot TC2       6.3       6.3       -7.3       -1.5
exp9_226A_monospot TC3      12.1      26.4        3.1      -64.0
exp9_226A_monospot TC4      11.7       8.0      -20.1      -14.4
exp9_226A_monospot TC5       4.3       3.0       -6.8       -1.3

RMSE moyen (HOLD-OUT) : réf=13.8 °C vs new=19.9 °C
|ΔT_max| moyen (HOLD-OUT) : réf=28.5 °C vs new=29.3 °C

RMSE moyen GLOBAL (tous essais rapportés) : réf=16.5 °C vs new=19.4 °C

Validation croisée manuelle (2D) :
  python scripts/valider.py --modele 2D --facteur 6.4909 --decalage-x 0 --h-haut 30.087 --h-bas-2d 67.235 --h-bord-x0 50.158 --essais exp7_150A exp7_176A exp7_200A exp7_250A exp9_200A_y20_monospot exp9_175A_monospot exp9_200A_monospot exp9_250A_monospot exp7_225A exp9_226A_monospot
  (NB : kx/ky ne sont pas des flags de valider.py -- l'appliquer via materiaux.Materiau.k_plan_x/k_plan_y avant de rejouer, ou utiliser ce script.)
