Chargement des essais joints : ['exp7_200A', 'exp7_150A', 'exp7_250A', 'exp9_200A_y20_monospot']
Chargement des essais held-out : ['exp9_200A_monospot']
Paramètres calibrés : ('facteur_couplage', 'h_bas_2d', 'k_plan', 'h_bord_x0')
Bornes basses : [0.5, 2.0, 2.0, 50.0]
Bornes hautes : [30.0, 300.0, 12.0, 400.0]
h_haut FIGÉ à 30.087 (non-identifiable, cf. docstring module).
  LHS 1/12 : θ=[25.9758, 293.3003, 6.1325, 137.0179] coût=17432677.5 (8.1s)
  LHS 2/12 : θ=[20.6257, 227.6666, 8.1611, 203.723] coût=13094868.0 (7.4s)
  LHS 3/12 : θ=[8.9969, 53.279, 6.3201, 370.7535] coût=6522830.7 (3.4s)
  LHS 4/12 : θ=[13.1422, 150.166, 10.5586, 103.21] coût=8910525.3 (4.2s)
  LHS 5/12 : θ=[15.5864, 13.387, 3.4169, 271.005] coût=58527345.9 (6.2s)
  LHS 6/12 : θ=[7.8054, 123.0803, 7.2745, 147.7903] coût=2214128.3 (2.1s)
  LHS 7/12 : θ=[11.2788, 42.1387, 8.669, 50.559] coût=37014478.8 (3.1s)
  LHS 8/12 : θ=[23.398, 184.5136, 4.7596, 330.3231] coût=22614679.9 (8.0s)
  LHS 9/12 : θ=[2.6262, 257.2497, 4.0622, 303.4513] coût=14953912.2 (1.8s)
  LHS 10/12 : θ=[28.8057, 153.7444, 2.055, 389.5643] coût=48095437.3 (9.3s)
  LHS 11/12 : θ=[18.7617, 93.3402, 11.5047, 244.3109] coût=72184334.2 (6.7s)
  LHS 12/12 : θ=[4.4539, 203.3915, 10.144, 177.657] coût=8726692.7 (1.9s)
NLSQ joint : démarrage à θ0=[7.8054, 123.0803, 7.2745, 147.7903] (coût LHS=2214128.3) — 48 évaluations max, 4 essais, 3235 résidus.
  NLSQ éval 1 : θ=[7.80538, 123.0803, 7.27448, 147.79031] coût=2214128.3 (2.7s)
  NLSQ éval 2 : θ=[8.19565, 123.0803, 7.27448, 147.79031] coût=2164508.6 (2.3s)
  NLSQ éval 3 : θ=[7.80538, 129.23431, 7.27448, 147.79031] coût=2382443.6 (2.3s)
  NLSQ éval 4 : θ=[7.80538, 123.0803, 7.6382, 147.79031] coût=2137914.6 (2.1s)
  NLSQ éval 5 : θ=[7.80538, 123.0803, 7.27448, 155.17982] coût=2225328.4 (2.5s)
  NLSQ éval 6 : θ=[7.07886, 94.84912, 7.5553, 109.63385] coût=1754890.0 (2.0s)
  NLSQ éval 7 : θ=[7.43281, 94.84912, 7.5553, 109.63385] coût=1811742.0 (1.9s)
  NLSQ éval 8 : θ=[7.07886, 99.59157, 7.5553, 109.63385] coût=1796951.9 (1.9s)
  NLSQ éval 9 : θ=[7.07886, 94.84912, 7.93307, 109.63385] coût=1773727.7 (1.7s)
  NLSQ éval 10 : θ=[7.07886, 94.84912, 7.5553, 115.11554] coût=1758386.8 (1.7s)
  NLSQ éval 11 : θ=[6.54697, 80.66354, 7.39505, 86.94043] coût=1699277.3 (2.0s)
  NLSQ éval 12 : θ=[6.87432, 80.66354, 7.39505, 86.94043] coût=1753916.9 (1.9s)
  NLSQ éval 13 : θ=[6.54697, 84.69672, 7.39505, 86.94043] coût=1712594.0 (1.6s)
  NLSQ éval 14 : θ=[6.54697, 80.66354, 7.7648, 86.94043] coût=1723976.6 (1.6s)
  NLSQ éval 15 : θ=[6.54697, 80.66354, 7.39505, 91.28745] coût=1700216.0 (2.0s)
  NLSQ éval 16 : θ=[6.43379, 78.83656, 7.36067, 73.71179] coût=1697689.8 (2.1s)
  NLSQ éval 17 : θ=[6.75548, 78.83656, 7.36067, 73.71179] coût=1737844.2 (2.3s)
  NLSQ éval 18 : θ=[6.43379, 82.77839, 7.36067, 73.71179] coût=1713596.0 (2.0s)
  NLSQ éval 19 : θ=[6.43379, 78.83656, 7.7287, 73.71179] coût=1721197.7 (2.2s)
  NLSQ éval 20 : θ=[6.43379, 78.83656, 7.36067, 77.39738] coût=1698030.4 (3.1s)
  NLSQ éval 21 : θ=[6.40697, 77.45763, 7.319, 70.53072] coût=1700283.7 (1.6s)
  NLSQ éval 22 : θ=[6.40825, 77.46407, 7.32808, 73.42488] coût=1700523.8 (1.7s)
  NLSQ éval 23 : θ=[6.44037, 78.47596, 7.34356, 73.69803] coût=1700735.3 (2.0s)
  NLSQ éval 24 : θ=[6.44785, 78.75772, 7.35085, 73.70925] coût=1699453.1 (2.0s)
  NLSQ éval 25 : θ=[6.44491, 78.82781, 7.35892, 73.71155] coût=1699959.5 (2.0s)
  NLSQ éval 26 : θ=[6.43694, 78.83559, 7.36065, 73.71177] coût=1700908.0 (2.2s)

=== θ*_new joint ===
  facteur_couplage = 6.4338 ± 0.0698
  h_bas_2d = 78.837 ± 1.77
  k_plan = 7.3607 ± 0.0743
  h_bord_x0 = 73.712 ± 11.3
Coût final : 1697689.8 | succès : True (26 évaluations NLSQ) | message : `xtol` termination condition is satisfied.
Corrélations (ordre ('facteur_couplage', 'h_bas_2d', 'k_plan', 'h_bord_x0')) :
[[ 1.     0.798 -0.12  -0.178]
 [ 0.798  1.     0.176 -0.293]
 [-0.12   0.176  1.     0.375]
 [-0.178 -0.293  0.375  1.   ]]

=== Table de comparaison (essais JOINT) ===
                 essai  TC  rmse_ref  rmse_new  dTmax_ref  dTmax_new
             exp7_200A TC1      14.1      26.5       37.0      -26.7
             exp7_200A TC2      25.7      34.2      -56.2      -56.3
             exp7_200A TC3      24.8      18.1      -31.7      -22.6
             exp7_200A TC4      16.8      14.7      -18.9      -19.0
             exp7_200A TC5      16.3      24.5       42.1      -21.6
             exp7_150A TC1      23.2      25.8       55.2      -25.8
             exp7_150A TC2      22.6      37.2      -24.1      -56.7
             exp7_150A TC3      25.0      24.5      -20.3      -27.9
             exp7_150A TC4      20.9      19.6       18.8      -13.9
             exp7_150A TC5      23.4      25.2       55.0      -25.9
             exp7_250A TC1      15.5      23.5       50.2       -1.7
             exp7_250A TC2      26.9      34.9      -63.3      -57.1
             exp7_250A TC3      28.3      22.4      -41.1      -31.6
             exp7_250A TC4      16.0      20.3      -36.3      -30.2
             exp7_250A TC5      15.1      24.5       56.3        4.4
exp9_200A_y20_monospot TC1       9.7       3.8      -11.9       -1.3
exp9_200A_y20_monospot TC2       8.2       9.6        8.9       16.8
exp9_200A_y20_monospot TC3      40.5      13.6       24.2       32.1
exp9_200A_y20_monospot TC4      14.7       8.0      -13.1       -5.2
exp9_200A_y20_monospot TC5      11.3       5.1      -11.0       -1.9

RMSE moyen (JOINT) : réf=20.0 °C vs new=20.8 °C
|ΔT_max| moyen (JOINT) : réf=33.8 °C vs new=23.9 °C

=== Table de comparaison (essais HOLD-OUT, non vus par le fit) ===
             essai  TC  rmse_ref  rmse_new  dTmax_ref  dTmax_new
exp9_200A_monospot TC1      11.0       8.3      -11.4       -7.6
exp9_200A_monospot TC2       9.6       9.2      -15.0      -11.3
exp9_200A_monospot TC3      11.4      29.3      -22.2      -68.5
exp9_200A_monospot TC4      17.8      16.5      -30.3      -26.6
exp9_200A_monospot TC5      13.5      11.0      -16.7      -14.1

RMSE moyen (HOLD-OUT) : réf=12.7 °C vs new=14.8 °C
|ΔT_max| moyen (HOLD-OUT) : réf=19.1 °C vs new=25.6 °C

RMSE moyen GLOBAL (tous essais rapportés) : réf=18.5 °C vs new=19.6 °C

Validation croisée manuelle (2D) :
  python scripts/valider.py --modele 2D --facteur 6.4338 --decalage-x 0 --h-haut 30.087 --h-bas-2d 78.837 --h-bord-x0 73.712 --essais exp7_200A exp7_150A exp7_250A exp9_200A_y20_monospot exp9_200A_monospot
  (NB : k_plan n'est pas un flag de valider.py -- l'appliquer via config/materiaux.yaml:cf_pekk.k_plan avant de rejouer, ou utiliser ce script.)
