Chargement des essais joints : ['exp7_200A', 'exp7_150A', 'exp7_250A', 'exp9_200A_y20_monospot']
Chargement des essais held-out : ['exp9_200A_monospot']
Paramètres calibrés : ('facteur_couplage', 'h_bas_2d', 'k_plan', 'h_bord_x0')
Bornes basses : [0.5, 2.0, 2.0, 50.0]
Bornes hautes : [30.0, 300.0, 12.0, 400.0]
h_haut FIGÉ à 30.087 (non-identifiable, cf. docstring module).
  LHS 1/12 : θ=[3.88, 79.0525, 7.1869, 247.5981] (('facteur_couplage', 'h_bas_2d', 'k_plan', 'h_bord_x0')) coût=4919603.6 (2.4s)
  LHS 2/12 : θ=[29.2621, 104.4734, 6.1623, 259.3808] (('facteur_couplage', 'h_bas_2d', 'k_plan', 'h_bord_x0')) coût=99792318.5 (14.1s)
  LHS 3/12 : θ=[8.3739, 213.8796, 4.2475, 216.8793] (('facteur_couplage', 'h_bas_2d', 'k_plan', 'h_bord_x0')) coût=7296909.5 (3.1s)
  LHS 4/12 : θ=[21.9984, 139.9473, 11.5795, 296.3563] (('facteur_couplage', 'h_bas_2d', 'k_plan', 'h_bord_x0')) coût=54310851.1 (8.3s)
  LHS 5/12 : θ=[25.0944, 230.6489, 8.9815, 50.322] (('facteur_couplage', 'h_bas_2d', 'k_plan', 'h_bord_x0')) coût=24137514.1 (8.5s)
  LHS 6/12 : θ=[19.6374, 22.8547, 3.1562, 136.2184] (('facteur_couplage', 'h_bas_2d', 'k_plan', 'h_bord_x0')) coût=83486754.2 (9.0s)
  LHS 7/12 : θ=[24.9956, 187.8803, 4.9448, 169.0826] (('facteur_couplage', 'h_bas_2d', 'k_plan', 'h_bord_x0')) coût=26153089.5 (9.9s)
  LHS 8/12 : θ=[1.4115, 163.0661, 9.9193, 159.4475] (('facteur_couplage', 'h_bas_2d', 'k_plan', 'h_bord_x0')) coût=14717999.5 (2.1s)
  LHS 9/12 : θ=[17.6793, 270.3887, 2.2566, 102.4823] (('facteur_couplage', 'h_bas_2d', 'k_plan', 'h_bord_x0')) coût=12344608.2 (7.2s)
  LHS 10/12 : θ=[14.3416, 51.5739, 6.3083, 337.1616] (('facteur_couplage', 'h_bas_2d', 'k_plan', 'h_bord_x0')) coût=33672730.8 (6.2s)
  LHS 11/12 : θ=[7.2172, 54.6384, 8.2418, 375.2915] (('facteur_couplage', 'h_bas_2d', 'k_plan', 'h_bord_x0')) coût=3666003.8 (2.3s)
  LHS 12/12 : θ=[11.219, 281.5794, 11.0904, 355.05] (('facteur_couplage', 'h_bas_2d', 'k_plan', 'h_bord_x0')) coût=6168573.9 (2.8s)
NLSQ joint : démarrage à θ0=[7.2172, 54.6384, 8.2418, 375.2915] (coût LHS=3666003.8) — 48 évaluations max, 4 essais, 3235 résidus.
  NLSQ éval 1 : θ=[7.21715, 54.63842, 8.24184, 375.29145] (('facteur_couplage', 'h_bas_2d', 'k_plan', 'h_bord_x0')) coût=3666003.8 (2.1s)
  NLSQ éval 2 : θ=[7.57801, 54.63842, 8.24184, 375.29145] (('facteur_couplage', 'h_bas_2d', 'k_plan', 'h_bord_x0')) coût=4459805.4 (2.3s)
  NLSQ éval 3 : θ=[7.21715, 57.37034, 8.24184, 375.29145] (('facteur_couplage', 'h_bas_2d', 'k_plan', 'h_bord_x0')) coût=3401934.5 (2.2s)
  NLSQ éval 4 : θ=[7.21715, 54.63842, 8.65393, 375.29145] (('facteur_couplage', 'h_bas_2d', 'k_plan', 'h_bord_x0')) coût=4030506.8 (1.9s)
  NLSQ éval 5 : θ=[7.21715, 54.63842, 8.24184, 394.05602] (('facteur_couplage', 'h_bas_2d', 'k_plan', 'h_bord_x0')) coût=3660340.2 (1.9s)
  NLSQ éval 6 : θ=[6.54813, 71.29363, 7.90133, 307.28624] (('facteur_couplage', 'h_bas_2d', 'k_plan', 'h_bord_x0')) coût=1913926.6 (1.7s)
  NLSQ éval 7 : θ=[6.87554, 71.29363, 7.90133, 307.28624] (('facteur_couplage', 'h_bas_2d', 'k_plan', 'h_bord_x0')) coût=2072392.6 (1.8s)
  NLSQ éval 8 : θ=[6.54813, 74.85831, 7.90133, 307.28624] (('facteur_couplage', 'h_bas_2d', 'k_plan', 'h_bord_x0')) coût=1878229.3 (1.5s)
  NLSQ éval 9 : θ=[6.54813, 71.29363, 8.29639, 307.28624] (('facteur_couplage', 'h_bas_2d', 'k_plan', 'h_bord_x0')) coût=1972880.1 (1.8s)
  NLSQ éval 10 : θ=[6.54813, 71.29363, 7.90133, 322.65055] (('facteur_couplage', 'h_bas_2d', 'k_plan', 'h_bord_x0')) coût=1926005.4 (1.7s)
  NLSQ éval 11 : θ=[6.35457, 76.86937, 7.71396, 155.43114] (('facteur_couplage', 'h_bas_2d', 'k_plan', 'h_bord_x0')) coût=1731270.2 (1.8s)
  NLSQ éval 12 : θ=[6.6723, 76.86937, 7.71396, 155.43114] (('facteur_couplage', 'h_bas_2d', 'k_plan', 'h_bord_x0')) coût=1775898.6 (1.7s)
  NLSQ éval 13 : θ=[6.35457, 80.71284, 7.71396, 155.43114] (('facteur_couplage', 'h_bas_2d', 'k_plan', 'h_bord_x0')) coût=1739416.3 (1.6s)
  NLSQ éval 14 : θ=[6.35457, 76.86937, 8.09966, 155.43114] (('facteur_couplage', 'h_bas_2d', 'k_plan', 'h_bord_x0')) coût=1760019.8 (2.1s)
  NLSQ éval 15 : θ=[6.35457, 76.86937, 7.71396, 163.20269] (('facteur_couplage', 'h_bas_2d', 'k_plan', 'h_bord_x0')) coût=1735252.7 (2.0s)
  NLSQ éval 16 : θ=[6.48272, 80.60603, 7.55866, 102.79029] (('facteur_couplage', 'h_bas_2d', 'k_plan', 'h_bord_x0')) coût=1705173.2 (1.9s)
  NLSQ éval 17 : θ=[6.80686, 80.60603, 7.55866, 102.79029] (('facteur_couplage', 'h_bas_2d', 'k_plan', 'h_bord_x0')) coût=1755178.1 (1.9s)
  NLSQ éval 18 : θ=[6.48272, 84.63633, 7.55866, 102.79029] (('facteur_couplage', 'h_bas_2d', 'k_plan', 'h_bord_x0')) coût=1724115.8 (1.9s)
  NLSQ éval 19 : θ=[6.48272, 80.60603, 7.93659, 102.79029] (('facteur_couplage', 'h_bas_2d', 'k_plan', 'h_bord_x0')) coût=1730152.7 (2.1s)
  NLSQ éval 20 : θ=[6.48272, 80.60603, 7.55866, 107.9298] (('facteur_couplage', 'h_bas_2d', 'k_plan', 'h_bord_x0')) coût=1706641.6 (2.2s)
  NLSQ éval 21 : θ=[6.32849, 76.0105, 7.43692, 86.51802] (('facteur_couplage', 'h_bas_2d', 'k_plan', 'h_bord_x0')) coût=1701321.1 (2.2s)
  NLSQ éval 22 : θ=[6.64492, 76.0105, 7.43692, 86.51802] (('facteur_couplage', 'h_bas_2d', 'k_plan', 'h_bord_x0')) coût=1753826.6 (2.2s)
  NLSQ éval 23 : θ=[6.32849, 79.81102, 7.43692, 86.51802] (('facteur_couplage', 'h_bas_2d', 'k_plan', 'h_bord_x0')) coût=1710257.3 (2.1s)
  NLSQ éval 24 : θ=[6.32849, 76.0105, 7.80877, 86.51802] (('facteur_couplage', 'h_bas_2d', 'k_plan', 'h_bord_x0')) coût=1738265.4 (2.1s)
  NLSQ éval 25 : θ=[6.32849, 76.0105, 7.43692, 90.84392] (('facteur_couplage', 'h_bas_2d', 'k_plan', 'h_bord_x0')) coût=1701723.6 (2.1s)
  NLSQ éval 26 : θ=[6.33959, 75.59127, 7.2773, 71.89195] (('facteur_couplage', 'h_bas_2d', 'k_plan', 'h_bord_x0')) coût=1699022.6 (2.0s)
  NLSQ éval 27 : θ=[6.65657, 75.59127, 7.2773, 71.89195] (('facteur_couplage', 'h_bas_2d', 'k_plan', 'h_bord_x0')) coût=1746464.9 (2.2s)
  NLSQ éval 28 : θ=[6.33959, 79.37083, 7.2773, 71.89195] (('facteur_couplage', 'h_bas_2d', 'k_plan', 'h_bord_x0')) coût=1704833.6 (2.1s)
  NLSQ éval 29 : θ=[6.33959, 75.59127, 7.64117, 71.89195] (('facteur_couplage', 'h_bas_2d', 'k_plan', 'h_bord_x0')) coût=1725054.0 (2.2s)
  NLSQ éval 30 : θ=[6.33959, 75.59127, 7.2773, 75.48655] (('facteur_couplage', 'h_bas_2d', 'k_plan', 'h_bord_x0')) coût=1699151.0 (2.2s)
  NLSQ éval 31 : θ=[6.47255, 79.81819, 7.2954, 61.7483] (('facteur_couplage', 'h_bas_2d', 'k_plan', 'h_bord_x0')) coût=1697244.3 (2.1s)
  NLSQ éval 32 : θ=[6.79618, 79.81819, 7.2954, 61.7483] (('facteur_couplage', 'h_bas_2d', 'k_plan', 'h_bord_x0')) coût=1736829.9 (2.2s)
  NLSQ éval 33 : θ=[6.47255, 83.80909, 7.2954, 61.7483] (('facteur_couplage', 'h_bas_2d', 'k_plan', 'h_bord_x0')) coût=1713461.6 (2.1s)
  NLSQ éval 34 : θ=[6.47255, 79.81819, 7.66017, 61.7483] (('facteur_couplage', 'h_bas_2d', 'k_plan', 'h_bord_x0')) coût=1721767.9 (2.1s)
  NLSQ éval 35 : θ=[6.47255, 79.81819, 7.2954, 64.83571] (('facteur_couplage', 'h_bas_2d', 'k_plan', 'h_bord_x0')) coût=1697342.8 (2.1s)
  NLSQ éval 36 : θ=[6.46799, 78.97133, 7.26552, 62.53015] (('facteur_couplage', 'h_bas_2d', 'k_plan', 'h_bord_x0')) coût=1694598.4 (2.0s)
  NLSQ éval 37 : θ=[6.79139, 78.97133, 7.26552, 62.53015] (('facteur_couplage', 'h_bas_2d', 'k_plan', 'h_bord_x0')) coût=1743402.3 (2.1s)
  NLSQ éval 38 : θ=[6.46799, 82.9199, 7.26552, 62.53015] (('facteur_couplage', 'h_bas_2d', 'k_plan', 'h_bord_x0')) coût=1707043.8 (2.0s)
  NLSQ éval 39 : θ=[6.46799, 78.97133, 7.6288, 62.53015] (('facteur_couplage', 'h_bas_2d', 'k_plan', 'h_bord_x0')) coût=1714043.7 (2.0s)
  NLSQ éval 40 : θ=[6.46799, 78.97133, 7.26552, 65.65666] (('facteur_couplage', 'h_bas_2d', 'k_plan', 'h_bord_x0')) coût=1694668.6 (2.0s)
  NLSQ éval 41 : θ=[6.42585, 78.59912, 7.32531, 65.89071] (('facteur_couplage', 'h_bas_2d', 'k_plan', 'h_bord_x0')) coût=1699243.4 (1.8s)
  NLSQ éval 42 : θ=[6.42875, 78.71946, 7.319, 63.36247] (('facteur_couplage', 'h_bas_2d', 'k_plan', 'h_bord_x0')) coût=1698586.6 (1.9s)
  NLSQ éval 43 : θ=[6.42967, 78.75474, 7.31734, 62.70721] (('facteur_couplage', 'h_bas_2d', 'k_plan', 'h_bord_x0')) coût=1698409.5 (1.8s)
  NLSQ éval 44 : θ=[6.44901, 78.9615, 7.29301, 62.53027] (('facteur_couplage', 'h_bas_2d', 'k_plan', 'h_bord_x0')) coût=1695363.7 (1.9s)
  NLSQ éval 45 : θ=[6.46195, 78.97298, 7.27154, 62.53015] (('facteur_couplage', 'h_bas_2d', 'k_plan', 'h_bord_x0')) coût=1692039.3 (2.4s)
  NLSQ éval 46 : θ=[6.78504, 78.97298, 7.27154, 62.53015] (('facteur_couplage', 'h_bas_2d', 'k_plan', 'h_bord_x0')) coût=1740822.0 (3.1s)
  NLSQ éval 47 : θ=[6.46195, 82.92163, 7.27154, 62.53015] (('facteur_couplage', 'h_bas_2d', 'k_plan', 'h_bord_x0')) coût=1707804.2 (2.0s)
  NLSQ éval 48 : θ=[6.46195, 78.97298, 7.63512, 62.53015] (('facteur_couplage', 'h_bas_2d', 'k_plan', 'h_bord_x0')) coût=1720170.1 (2.3s)
  NLSQ éval 49 : θ=[6.46195, 78.97298, 7.27154, 65.65666] (('facteur_couplage', 'h_bas_2d', 'k_plan', 'h_bord_x0')) coût=1692131.7 (1.8s)

=== θ*_new joint ===
  facteur_couplage = 6.4619 ± 0.0704
  h_bas_2d = 78.973 ± 1.8
  k_plan = 7.2715 ± 0.0721
  h_bord_x0 = 62.53 ± 11
Coût final : 1692039.3 | succès : True (49 évaluations NLSQ) | message : `xtol` termination condition is satisfied.
Corrélations (ordre ('facteur_couplage', 'h_bas_2d', 'k_plan', 'h_bord_x0')) :
[[ 1.     0.804 -0.123 -0.185]
 [ 0.804  1.     0.177 -0.295]
 [-0.123  0.177  1.     0.376]
 [-0.185 -0.295  0.376  1.   ]]

=== Table de comparaison (essais JOINT) ===
                 essai  TC  rmse_ref  rmse_new  dTmax_ref  dTmax_new
             exp7_200A TC1      14.1      25.8       37.0      -24.7
             exp7_200A TC2      25.7      33.7      -56.2      -55.6
             exp7_200A TC3      24.8      17.8      -31.7      -22.2
             exp7_200A TC4      16.8      14.2      -18.9      -18.2
             exp7_200A TC5      16.3      23.7       42.1      -19.7
             exp7_150A TC1      23.2      24.9       55.2      -23.2
             exp7_150A TC2      22.6      36.5      -24.1      -55.4
             exp7_150A TC3      25.0      24.0      -20.3      -27.0
             exp7_150A TC4      20.9      19.0       18.8      -12.5
             exp7_150A TC5      23.4      24.3       55.0      -23.3
             exp7_250A TC1      15.5      22.4       50.2        1.4
             exp7_250A TC2      26.9      34.1      -63.3      -55.9
             exp7_250A TC3      28.3      21.9      -41.1      -30.9
             exp7_250A TC4      16.0      19.5      -36.3      -29.0
             exp7_250A TC5      15.1      23.4       56.3        7.5
exp9_200A_y20_monospot TC1       9.7       3.8      -11.9       -1.1
exp9_200A_y20_monospot TC2       8.2       9.6        8.9       16.8
exp9_200A_y20_monospot TC3      40.5      14.0       24.2       32.8
exp9_200A_y20_monospot TC4      14.7       8.0      -13.1       -5.2
exp9_200A_y20_monospot TC5      11.3       5.2      -11.0       -2.1

RMSE moyen (JOINT) : réf=20.0 °C vs new=20.3 °C
|ΔT_max| moyen (JOINT) : réf=33.8 °C vs new=23.2 °C

=== Table de comparaison (essais HOLD-OUT, non vus par le fit) ===
             essai  TC  rmse_ref  rmse_new  dTmax_ref  dTmax_new
exp9_200A_monospot TC1      11.0       8.2      -11.4       -7.5
exp9_200A_monospot TC2       9.6       9.2      -15.0      -11.3
exp9_200A_monospot TC3      11.4      28.9      -22.2      -67.0
exp9_200A_monospot TC4      17.8      16.5      -30.3      -26.6
exp9_200A_monospot TC5      13.5      11.0      -16.7      -14.2

RMSE moyen (HOLD-OUT) : réf=12.7 °C vs new=14.8 °C
|ΔT_max| moyen (HOLD-OUT) : réf=19.1 °C vs new=25.3 °C

RMSE moyen GLOBAL (tous essais rapportés) : réf=18.5 °C vs new=19.2 °C

Validation croisée manuelle (2D) :
  python scripts/valider.py --modele 2D --facteur 6.4619 --decalage-x 0 --h-haut 30.087 --h-bas-2d 78.973 --h-bord-x0 62.53 --essais exp7_200A exp7_150A exp7_250A exp9_200A_y20_monospot exp9_200A_monospot
  (NB : k_plan n'est pas un flag de valider.py -- l'appliquer via config/materiaux.yaml:cf_pekk.k_plan avant de rejouer, ou utiliser ce script.)
