Chargement des essais joints : ['exp7_200A', 'exp9_200A_y20_monospot', 'serieB_B-2']
Chargement des essais held-out : ['exp7_250A', 'serieA_A-1', 'serieA_A-3']
Paramètres calibrés : ('facteur_couplage', 'h_bas_2d', 'k_plan', 'h_bord_x0')
Bornes basses : [0.5, 2.0, 2.0, 50.0]
Bornes hautes : [30.0, 300.0, 12.0, 400.0]
h_haut FIGÉ à 30.087 (non-identifiable, cf. docstring module).
  LHS 1/10 : θ=[25.171, 142.9604, 6.959, 224.4215] (('facteur_couplage', 'h_bas_2d', 'k_plan', 'h_bord_x0')) coût=43520691.3 (20.9s)
  LHS 2/10 : θ=[21.7009, 93.9999, 11.3934, 269.4676] (('facteur_couplage', 'h_bas_2d', 'k_plan', 'h_bord_x0')) coût=102273527.4 (17.1s)
  LHS 3/10 : θ=[1.8463, 63.5348, 7.1841, 364.9042] (('facteur_couplage', 'h_bas_2d', 'k_plan', 'h_bord_x0')) coût=23694546.0 (3.1s)
  LHS 4/10 : θ=[15.6707, 179.7991, 9.2703, 113.8521] (('facteur_couplage', 'h_bas_2d', 'k_plan', 'h_bord_x0')) coût=18429924.0 (14.0s)
  LHS 5/10 : θ=[18.6036, 194.4645, 3.7003, 245.2059] (('facteur_couplage', 'h_bas_2d', 'k_plan', 'h_bord_x0')) coût=19418210.9 (16.3s)
  LHS 6/10 : θ=[15.1665, 28.0964, 10.3294, 307.3484] (('facteur_couplage', 'h_bas_2d', 'k_plan', 'h_bord_x0')) coût=119530812.4 (15.6s)
  LHS 7/10 : θ=[7.5346, 288.5664, 5.0028, 155.6708] (('facteur_couplage', 'h_bas_2d', 'k_plan', 'h_bord_x0')) coût=23162714.5 (11.1s)
  LHS 8/10 : θ=[27.9777, 250.8163, 2.3116, 141.3878] (('facteur_couplage', 'h_bas_2d', 'k_plan', 'h_bord_x0')) coût=23914925.6 (19.5s)
  LHS 9/10 : θ=[11.9015, 218.8996, 8.4746, 74.1415] (('facteur_couplage', 'h_bas_2d', 'k_plan', 'h_bord_x0')) coût=15606746.9 (14.5s)
  LHS 10/10 : θ=[4.9668, 35.0933, 4.066, 387.4772] (('facteur_couplage', 'h_bas_2d', 'k_plan', 'h_bord_x0')) coût=12104608.4 (10.7s)
NLSQ joint : démarrage à θ0=[4.9668, 35.0933, 4.066, 387.4772] (coût LHS=12104608.4) — 40 évaluations max, 3 essais, 6315 résidus.
  NLSQ éval 1 : θ=[4.96679, 35.09326, 4.06596, 387.47717] (('facteur_couplage', 'h_bas_2d', 'k_plan', 'h_bord_x0')) coût=12104608.4 (10.6s)
  NLSQ éval 2 : θ=[5.21512, 35.09326, 4.06596, 387.47717] (('facteur_couplage', 'h_bas_2d', 'k_plan', 'h_bord_x0')) coût=12050883.8 (11.0s)
  NLSQ éval 3 : θ=[4.96679, 36.84793, 4.06596, 387.47717] (('facteur_couplage', 'h_bas_2d', 'k_plan', 'h_bord_x0')) coût=12145029.1 (10.9s)
  NLSQ éval 4 : θ=[4.96679, 35.09326, 4.26925, 387.47717] (('facteur_couplage', 'h_bas_2d', 'k_plan', 'h_bord_x0')) coût=11756885.0 (10.8s)
  NLSQ éval 5 : θ=[4.96679, 35.09326, 4.06596, 368.10331] (('facteur_couplage', 'h_bas_2d', 'k_plan', 'h_bord_x0')) coût=12021685.0 (10.7s)
  NLSQ éval 6 : θ=[4.45375, 29.89868, 6.2905, 239.4022] (('facteur_couplage', 'h_bas_2d', 'k_plan', 'h_bord_x0')) coût=8807169.6 (8.6s)
  NLSQ éval 7 : θ=[4.67643, 29.89868, 6.2905, 239.4022] (('facteur_couplage', 'h_bas_2d', 'k_plan', 'h_bord_x0')) coût=8805594.5 (9.0s)
  NLSQ éval 8 : θ=[4.45375, 31.39361, 6.2905, 239.4022] (('facteur_couplage', 'h_bas_2d', 'k_plan', 'h_bord_x0')) coût=8831664.2 (8.2s)
  NLSQ éval 9 : θ=[4.45375, 29.89868, 6.60502, 239.4022] (('facteur_couplage', 'h_bas_2d', 'k_plan', 'h_bord_x0')) coût=8601626.6 (8.3s)
  NLSQ éval 10 : θ=[4.45375, 29.89868, 6.2905, 251.37231] (('facteur_couplage', 'h_bas_2d', 'k_plan', 'h_bord_x0')) coût=8854132.5 (8.4s)
  NLSQ éval 11 : θ=[4.21524, 29.59756, 7.71169, 178.70479] (('facteur_couplage', 'h_bas_2d', 'k_plan', 'h_bord_x0')) coût=7982196.7 (8.0s)
  NLSQ éval 12 : θ=[4.426, 29.59756, 7.71169, 178.70479] (('facteur_couplage', 'h_bas_2d', 'k_plan', 'h_bord_x0')) coût=8051276.9 (8.0s)
  NLSQ éval 13 : θ=[4.21524, 31.07744, 7.71169, 178.70479] (('facteur_couplage', 'h_bas_2d', 'k_plan', 'h_bord_x0')) coût=7977762.6 (7.8s)
  NLSQ éval 14 : θ=[4.21524, 29.59756, 8.09727, 178.70479] (('facteur_couplage', 'h_bas_2d', 'k_plan', 'h_bord_x0')) coût=7891298.9 (8.3s)
  NLSQ éval 15 : θ=[4.21524, 29.59756, 7.71169, 187.64002] (('facteur_couplage', 'h_bas_2d', 'k_plan', 'h_bord_x0')) coût=8003300.6 (9.0s)
  NLSQ éval 16 : θ=[4.07512, 31.42086, 8.58956, 135.66107] (('facteur_couplage', 'h_bas_2d', 'k_plan', 'h_bord_x0')) coût=7645849.1 (7.0s)
  NLSQ éval 17 : θ=[4.27887, 31.42086, 8.58956, 135.66107] (('facteur_couplage', 'h_bas_2d', 'k_plan', 'h_bord_x0')) coût=7871311.0 (7.5s)
  NLSQ éval 18 : θ=[4.07512, 32.9919, 8.58956, 135.66107] (('facteur_couplage', 'h_bas_2d', 'k_plan', 'h_bord_x0')) coût=7654531.4 (7.4s)
  NLSQ éval 19 : θ=[4.07512, 31.42086, 9.01904, 135.66107] (('facteur_couplage', 'h_bas_2d', 'k_plan', 'h_bord_x0')) coût=7618783.1 (7.2s)
  NLSQ éval 20 : θ=[4.07512, 31.42086, 8.58956, 142.44412] (('facteur_couplage', 'h_bas_2d', 'k_plan', 'h_bord_x0')) coût=7649577.4 (7.5s)
  NLSQ éval 21 : θ=[3.4879, 23.7009, 9.36928, 120.24682] (('facteur_couplage', 'h_bas_2d', 'k_plan', 'h_bord_x0')) coût=7302400.9 (5.8s)
  NLSQ éval 22 : θ=[3.6623, 23.7009, 9.36928, 120.24682] (('facteur_couplage', 'h_bas_2d', 'k_plan', 'h_bord_x0')) coût=7356684.6 (6.4s)
  NLSQ éval 23 : θ=[3.4879, 24.88595, 9.36928, 120.24682] (('facteur_couplage', 'h_bas_2d', 'k_plan', 'h_bord_x0')) coût=7335430.8 (5.4s)
  NLSQ éval 24 : θ=[3.4879, 23.7009, 9.83775, 120.24682] (('facteur_couplage', 'h_bas_2d', 'k_plan', 'h_bord_x0')) coût=7291691.5 (5.7s)
  NLSQ éval 25 : θ=[3.4879, 23.7009, 9.36928, 126.25916] (('facteur_couplage', 'h_bas_2d', 'k_plan', 'h_bord_x0')) coût=7308159.4 (5.3s)
  NLSQ éval 26 : θ=[3.36855, 19.59879, 9.83901, 129.48115] (('facteur_couplage', 'h_bas_2d', 'k_plan', 'h_bord_x0')) coût=7260770.0 (4.8s)
  NLSQ éval 27 : θ=[3.53697, 19.59879, 9.83901, 129.48115] (('facteur_couplage', 'h_bas_2d', 'k_plan', 'h_bord_x0')) coût=7365464.2 (5.0s)
  NLSQ éval 28 : θ=[3.36855, 20.57873, 9.83901, 129.48115] (('facteur_couplage', 'h_bas_2d', 'k_plan', 'h_bord_x0')) coût=7267087.6 (4.7s)
  NLSQ éval 29 : θ=[3.36855, 19.59879, 10.33096, 129.48115] (('facteur_couplage', 'h_bas_2d', 'k_plan', 'h_bord_x0')) coût=7281173.8 (4.7s)
  NLSQ éval 30 : θ=[3.36855, 19.59879, 9.83901, 135.95521] (('facteur_couplage', 'h_bas_2d', 'k_plan', 'h_bord_x0')) coût=7263049.7 (4.6s)
  NLSQ éval 31 : θ=[3.28111, 18.42873, 9.88619, 124.68316] (('facteur_couplage', 'h_bas_2d', 'k_plan', 'h_bord_x0')) coût=7255210.3 (4.6s)
  NLSQ éval 32 : θ=[3.44517, 18.42873, 9.88619, 124.68316] (('facteur_couplage', 'h_bas_2d', 'k_plan', 'h_bord_x0')) coût=7334342.4 (4.6s)
  NLSQ éval 33 : θ=[3.28111, 19.35017, 9.88619, 124.68316] (('facteur_couplage', 'h_bas_2d', 'k_plan', 'h_bord_x0')) coût=7259098.3 (4.5s)
  NLSQ éval 34 : θ=[3.28111, 18.42873, 10.3805, 124.68316] (('facteur_couplage', 'h_bas_2d', 'k_plan', 'h_bord_x0')) coût=7267024.9 (4.7s)
  NLSQ éval 35 : θ=[3.28111, 18.42873, 9.88619, 130.91732] (('facteur_couplage', 'h_bas_2d', 'k_plan', 'h_bord_x0')) coût=7257905.8 (4.4s)
  NLSQ éval 36 : θ=[3.30651, 19.38243, 9.91294, 118.31165] (('facteur_couplage', 'h_bas_2d', 'k_plan', 'h_bord_x0')) coût=7256049.0 (4.6s)
  NLSQ éval 37 : θ=[3.3074, 19.14501, 9.92386, 123.14502] (('facteur_couplage', 'h_bas_2d', 'k_plan', 'h_bord_x0')) coût=7254317.0 (4.6s)
  NLSQ éval 38 : θ=[3.47277, 19.14501, 9.92386, 123.14502] (('facteur_couplage', 'h_bas_2d', 'k_plan', 'h_bord_x0')) coût=7336714.7 (5.4s)
  NLSQ éval 39 : θ=[3.3074, 20.10226, 9.92386, 123.14502] (('facteur_couplage', 'h_bas_2d', 'k_plan', 'h_bord_x0')) coût=7262819.6 (5.3s)
  NLSQ éval 40 : θ=[3.3074, 19.14501, 10.42006, 123.14502] (('facteur_couplage', 'h_bas_2d', 'k_plan', 'h_bord_x0')) coût=7276665.2 (6.3s)
  NLSQ éval 41 : θ=[3.3074, 19.14501, 9.92386, 129.30227] (('facteur_couplage', 'h_bas_2d', 'k_plan', 'h_bord_x0')) coût=7255070.2 (5.5s)
  NLSQ éval 42 : θ=[3.28765, 18.54183, 9.87988, 125.01231] (('facteur_couplage', 'h_bas_2d', 'k_plan', 'h_bord_x0')) coût=7250925.1 (5.1s)
  NLSQ éval 43 : θ=[3.45203, 18.54183, 9.87988, 125.01231] (('facteur_couplage', 'h_bas_2d', 'k_plan', 'h_bord_x0')) coût=7333466.0 (5.4s)
  NLSQ éval 44 : θ=[3.28765, 19.46892, 9.87988, 125.01231] (('facteur_couplage', 'h_bas_2d', 'k_plan', 'h_bord_x0')) coût=7259196.5 (5.4s)
  NLSQ éval 45 : θ=[3.28765, 18.54183, 10.37387, 125.01231] (('facteur_couplage', 'h_bas_2d', 'k_plan', 'h_bord_x0')) coût=7269359.9 (5.4s)
  NLSQ éval 46 : θ=[3.28765, 18.54183, 9.87988, 131.26292] (('facteur_couplage', 'h_bas_2d', 'k_plan', 'h_bord_x0')) coût=7257112.7 (5.7s)
  NLSQ éval 47 : θ=[3.26782, 18.2702, 9.89186, 121.86356] (('facteur_couplage', 'h_bas_2d', 'k_plan', 'h_bord_x0')) coût=7251841.9 (5.4s)
  NLSQ éval 48 : θ=[3.27631, 18.32865, 9.8881, 124.35569] (('facteur_couplage', 'h_bas_2d', 'k_plan', 'h_bord_x0')) coût=7253928.4 (5.3s)
  NLSQ éval 49 : θ=[3.28387, 18.47196, 9.88083, 124.87982] (('facteur_couplage', 'h_bas_2d', 'k_plan', 'h_bord_x0')) coût=7255598.2 (5.7s)
  NLSQ éval 50 : θ=[3.28636, 18.5236, 9.87935, 124.98148] (('facteur_couplage', 'h_bas_2d', 'k_plan', 'h_bord_x0')) coût=7252676.4 (5.6s)
  NLSQ éval 51 : θ=[3.28708, 18.53734, 9.87958, 125.00485] (('facteur_couplage', 'h_bas_2d', 'k_plan', 'h_bord_x0')) coût=7253621.9 (6.1s)

=== θ*_new joint ===
  facteur_couplage = 3.2877 ± 0.038
  h_bas_2d = 18.542 ± 0.81
  k_plan = 9.8799 ± 0.139
  h_bord_x0 = 125.01 ± 7.75
Coût final : 7250925.1 | succès : True (51 évaluations NLSQ) | message : `xtol` termination condition is satisfied.
Corrélations (ordre ('facteur_couplage', 'h_bas_2d', 'k_plan', 'h_bord_x0')) :
[[ 1.     0.72  -0.397  0.053]
 [ 0.72   1.    -0.298 -0.454]
 [-0.397 -0.298  1.     0.132]
 [ 0.053 -0.454  0.132  1.   ]]

=== Table de comparaison (essais JOINT) ===
                 essai  TC  rmse_ref  rmse_new  dTmax_ref  dTmax_new
             exp7_200A TC1      14.1      72.3       37.0     -146.3
             exp7_200A TC2      25.7      68.1      -56.2     -124.2
             exp7_200A TC3      24.8      44.3      -31.7      -68.4
             exp7_200A TC4      16.8      48.2      -18.9      -86.8
             exp7_200A TC5      16.3      70.0       42.1     -141.2
exp9_200A_y20_monospot TC1       9.7       3.8      -11.9        0.6
exp9_200A_y20_monospot TC2       8.2       2.6        8.9        2.4
exp9_200A_y20_monospot TC3      40.5      30.1       24.2      -47.7
exp9_200A_y20_monospot TC4      14.7      15.1      -13.1      -19.6
exp9_200A_y20_monospot TC5      11.3       5.1      -11.0        2.6
            serieB_B-2 TC1      70.1      52.2      -27.1     -101.4
            serieB_B-2 TC2      63.1      62.7      -51.9      -56.2
            serieB_B-2 TC3      64.9      63.4      -74.8      -64.4
            serieB_B-2 TC4      62.2      53.0      -68.3     -104.1

RMSE moyen (JOINT) : réf=31.6 °C vs new=42.2 °C
|ΔT_max| moyen (JOINT) : réf=34.1 °C vs new=69.0 °C

=== Table de comparaison (essais HOLD-OUT, non vus par le fit) ===
     essai  TC  rmse_ref  rmse_new  dTmax_ref  dTmax_new
 exp7_250A TC1      15.5      66.3       50.2     -133.3
 exp7_250A TC2      26.9      66.9      -63.3     -119.7
 exp7_250A TC3      28.3      46.7      -41.1      -72.2
 exp7_250A TC4      16.0      52.1      -36.3      -92.8
 exp7_250A TC5      15.1      67.0       56.3     -127.2
serieA_A-1 TC1      47.0      20.4        8.3      -68.6
serieA_A-1 TC2      36.8      33.2      -34.7      -78.4
serieA_A-1 TC3      36.2      33.9      -46.5     -105.4
serieA_A-1 TC4      32.2      34.7      -26.0     -108.6
serieA_A-1 TC5      29.1      22.1       -1.1      -20.0
serieA_A-3 TC1      39.1      26.9      -60.9      -85.2
serieA_A-3 TC2      38.1      41.7      -97.1     -152.5
serieA_A-3 TC3      30.9      40.7      -34.7     -114.4
serieA_A-3 TC4      29.9      38.1      -30.8     -129.8
serieA_A-3 TC5      28.6      27.5        7.6      -68.3

RMSE moyen (HOLD-OUT) : réf=30.0 °C vs new=41.2 °C
|ΔT_max| moyen (HOLD-OUT) : réf=39.7 °C vs new=98.4 °C

RMSE moyen GLOBAL (tous essais rapportés) : réf=30.8 °C vs new=41.7 °C

Validation croisée manuelle (2D) :
  python scripts/valider.py --modele 2D --facteur 3.2877 --decalage-x 0 --h-haut 30.087 --h-bas-2d 18.542 --h-bord-x0 125.01 --essais exp7_200A exp9_200A_y20_monospot serieB_B-2 exp7_250A serieA_A-1 serieA_A-3
  (NB : k_plan n'est pas un flag de valider.py -- l'appliquer via config/materiaux.yaml:cf_pekk.k_plan avant de rejouer, ou utiliser ce script.)
