Chargement des essais joints : ['exp7_200A', 'exp7_150A', 'exp7_250A', 'exp9_200A_y20_monospot']
Chargement des essais held-out : ['exp9_200A_monospot']
Paramètres calibrés : ('facteur_couplage', 'h_bas_2d', 'kx', 'ky', 'h_bord_x0')
Bornes basses : [0.5, 2.0, 2.0, 2.0, 50.0]
Bornes hautes : [30.0, 300.0, 12.0, 12.0, 400.0]
h_haut FIGÉ à 30.087 (non-identifiable, cf. docstring module).
  LHS 1/10 : θ=[22.221, 172.7604, 6.959, 11.9835, 336.5355] (('facteur_couplage', 'h_bas_2d', 'kx', 'ky', 'h_bord_x0')) coût=23652405.6 (8.4s)
  LHS 2/10 : θ=[24.3574, 73.3223, 8.2705, 3.4564, 122.2725] (('facteur_couplage', 'h_bas_2d', 'kx', 'ky', 'h_bord_x0')) coût=132833473.8 (9.9s)
  LHS 3/10 : θ=[9.8932, 240.3184, 10.1426, 7.9664, 94.4621] (('facteur_couplage', 'h_bas_2d', 'kx', 'ky', 'h_bord_x0')) coût=4873043.0 (2.8s)
  LHS 4/10 : θ=[17.6818, 6.0773, 3.4585, 5.7003, 280.2059] (('facteur_couplage', 'h_bas_2d', 'kx', 'ky', 'h_bord_x0')) coût=89580499.8 (8.2s)
  LHS 5/10 : θ=[21.0665, 147.2964, 7.3294, 9.3528, 308.4615] (('facteur_couplage', 'h_bas_2d', 'kx', 'ky', 'h_bord_x0')) coût=26931764.4 (7.8s)
  LHS 6/10 : θ=[8.2182, 31.8831, 9.0192, 2.3145, 377.2339] (('facteur_couplage', 'h_bas_2d', 'kx', 'ky', 'h_bord_x0')) coût=13026428.0 (3.0s)
  LHS 7/10 : θ=[13.2191, 288.4101, 5.8649, 10.2785, 66.6126] (('facteur_couplage', 'h_bas_2d', 'kx', 'ky', 'h_bord_x0')) coût=7175853.3 (4.3s)
  LHS 8/10 : θ=[29.0848, 196.1221, 4.1105, 8.066, 247.4772] (('facteur_couplage', 'h_bas_2d', 'kx', 'ky', 'h_bord_x0')) coût=38790095.2 (11.2s)
  LHS 9/10 : θ=[1.764, 111.6083, 2.4057, 6.6621, 211.2933] (('facteur_couplage', 'h_bas_2d', 'kx', 'ky', 'h_bord_x0')) coût=14532075.8 (1.8s)
  LHS 10/10 : θ=[3.7737, 263.4307, 11.3768, 4.916, 160.8575] (('facteur_couplage', 'h_bas_2d', 'kx', 'ky', 'h_bord_x0')) coût=11778562.9 (2.0s)
NLSQ joint : démarrage à θ0=[9.8932, 240.3184, 10.1426, 7.9664, 94.4621] (coût LHS=4873043.0) — 80 évaluations max, 4 essais, 3235 résidus.
  NLSQ éval 1 : θ=[9.89323, 240.31839, 10.1426, 7.96641, 94.46206] (('facteur_couplage', 'h_bas_2d', 'kx', 'ky', 'h_bord_x0')) coût=4873043.0 (3.1s)
  NLSQ éval 2 : θ=[10.38789, 240.31839, 10.1426, 7.96641, 94.46206] (('facteur_couplage', 'h_bas_2d', 'kx', 'ky', 'h_bord_x0')) coût=4764237.2 (2.8s)
  NLSQ éval 3 : θ=[9.89323, 252.33431, 10.1426, 7.96641, 94.46206] (('facteur_couplage', 'h_bas_2d', 'kx', 'ky', 'h_bord_x0')) coût=5278768.6 (2.7s)
  NLSQ éval 4 : θ=[9.89323, 240.31839, 10.64973, 7.96641, 94.46206] (('facteur_couplage', 'h_bas_2d', 'kx', 'ky', 'h_bord_x0')) coût=4848296.8 (2.6s)
  NLSQ éval 5 : θ=[9.89323, 240.31839, 10.1426, 8.36474, 94.46206] (('facteur_couplage', 'h_bas_2d', 'kx', 'ky', 'h_bord_x0')) coût=4886086.6 (2.6s)
  NLSQ éval 6 : θ=[9.89323, 240.31839, 10.1426, 7.96641, 99.18516] (('facteur_couplage', 'h_bas_2d', 'kx', 'ky', 'h_bord_x0')) coût=4879958.4 (2.7s)
  NLSQ éval 7 : θ=[8.57827, 155.05118, 9.20865, 6.16696, 76.88477] (('facteur_couplage', 'h_bas_2d', 'kx', 'ky', 'h_bord_x0')) coût=2562294.4 (2.4s)
  NLSQ éval 8 : θ=[9.00718, 155.05118, 9.20865, 6.16696, 76.88477] (('facteur_couplage', 'h_bas_2d', 'kx', 'ky', 'h_bord_x0')) coût=2571428.3 (2.8s)
  NLSQ éval 9 : θ=[8.57827, 162.80373, 9.20865, 6.16696, 76.88477] (('facteur_couplage', 'h_bas_2d', 'kx', 'ky', 'h_bord_x0')) coût=2749259.2 (2.5s)
  NLSQ éval 10 : θ=[8.57827, 155.05118, 9.66909, 6.16696, 76.88477] (('facteur_couplage', 'h_bas_2d', 'kx', 'ky', 'h_bord_x0')) coût=2604036.4 (2.5s)
  NLSQ éval 11 : θ=[8.57827, 155.05118, 9.20865, 6.47531, 76.88477] (('facteur_couplage', 'h_bas_2d', 'kx', 'ky', 'h_bord_x0')) coût=2566313.8 (2.6s)
  NLSQ éval 12 : θ=[8.57827, 155.05118, 9.20865, 6.16696, 80.729] (('facteur_couplage', 'h_bas_2d', 'kx', 'ky', 'h_bord_x0')) coût=2565559.9 (2.5s)
  NLSQ éval 13 : θ=[7.29795, 111.60303, 8.05687, 5.6339, 68.7916] (('facteur_couplage', 'h_bas_2d', 'kx', 'ky', 'h_bord_x0')) coût=1868033.2 (2.3s)
  NLSQ éval 14 : θ=[7.66285, 111.60303, 8.05687, 5.6339, 68.7916] (('facteur_couplage', 'h_bas_2d', 'kx', 'ky', 'h_bord_x0')) coût=1862056.9 (2.6s)
  NLSQ éval 15 : θ=[7.29795, 117.18318, 8.05687, 5.6339, 68.7916] (('facteur_couplage', 'h_bas_2d', 'kx', 'ky', 'h_bord_x0')) coût=1963364.1 (2.3s)
  NLSQ éval 16 : θ=[7.29795, 111.60303, 8.45972, 5.6339, 68.7916] (('facteur_couplage', 'h_bas_2d', 'kx', 'ky', 'h_bord_x0')) coût=1884158.9 (2.3s)
  NLSQ éval 17 : θ=[7.29795, 111.60303, 8.05687, 5.91559, 68.7916] (('facteur_couplage', 'h_bas_2d', 'kx', 'ky', 'h_bord_x0')) coût=1873506.3 (2.4s)
  NLSQ éval 18 : θ=[7.29795, 111.60303, 8.05687, 5.6339, 72.23118] (('facteur_couplage', 'h_bas_2d', 'kx', 'ky', 'h_bord_x0')) coût=1869902.2 (2.2s)
  NLSQ éval 19 : θ=[6.95196, 96.1726, 7.64654, 4.51582, 64.72153] (('facteur_couplage', 'h_bas_2d', 'kx', 'ky', 'h_bord_x0')) coût=1728734.3 (2.6s)
  NLSQ éval 20 : θ=[7.29956, 96.1726, 7.64654, 4.51582, 64.72153] (('facteur_couplage', 'h_bas_2d', 'kx', 'ky', 'h_bord_x0')) coût=1740877.0 (2.4s)
  NLSQ éval 21 : θ=[6.95196, 100.98123, 7.64654, 4.51582, 64.72153] (('facteur_couplage', 'h_bas_2d', 'kx', 'ky', 'h_bord_x0')) coût=1776698.9 (2.1s)
  NLSQ éval 22 : θ=[6.95196, 96.1726, 8.02887, 4.51582, 64.72153] (('facteur_couplage', 'h_bas_2d', 'kx', 'ky', 'h_bord_x0')) coût=1740737.3 (2.5s)
  NLSQ éval 23 : θ=[6.95196, 96.1726, 7.64654, 4.74161, 64.72153] (('facteur_couplage', 'h_bas_2d', 'kx', 'ky', 'h_bord_x0')) coût=1732547.1 (2.3s)
  NLSQ éval 24 : θ=[6.95196, 96.1726, 7.64654, 4.51582, 67.9576] (('facteur_couplage', 'h_bas_2d', 'kx', 'ky', 'h_bord_x0')) coût=1729607.2 (2.5s)
  NLSQ éval 25 : θ=[6.8731, 91.20522, 7.55662, 3.6402, 64.09285] (('facteur_couplage', 'h_bas_2d', 'kx', 'ky', 'h_bord_x0')) coût=1697379.7 (2.7s)
  NLSQ éval 26 : θ=[7.21676, 91.20522, 7.55662, 3.6402, 64.09285] (('facteur_couplage', 'h_bas_2d', 'kx', 'ky', 'h_bord_x0')) coût=1729036.7 (2.8s)
  NLSQ éval 27 : θ=[6.8731, 95.76548, 7.55662, 3.6402, 64.09285] (('facteur_couplage', 'h_bas_2d', 'kx', 'ky', 'h_bord_x0')) coût=1724589.8 (2.7s)
  NLSQ éval 28 : θ=[6.8731, 91.20522, 7.93445, 3.6402, 64.09285] (('facteur_couplage', 'h_bas_2d', 'kx', 'ky', 'h_bord_x0')) coût=1716926.2 (2.5s)
  NLSQ éval 29 : θ=[6.8731, 91.20522, 7.55662, 3.82221, 64.09285] (('facteur_couplage', 'h_bas_2d', 'kx', 'ky', 'h_bord_x0')) coût=1699975.2 (2.2s)
  NLSQ éval 30 : θ=[6.8731, 91.20522, 7.55662, 3.6402, 67.2975] (('facteur_couplage', 'h_bas_2d', 'kx', 'ky', 'h_bord_x0')) coût=1697671.1 (1.9s)
  NLSQ éval 31 : θ=[6.92606, 89.6499, 7.49691, 2.89529, 65.50763] (('facteur_couplage', 'h_bas_2d', 'kx', 'ky', 'h_bord_x0')) coût=1677719.1 (2.2s)
  NLSQ éval 32 : θ=[7.27236, 89.6499, 7.49691, 2.89529, 65.50763] (('facteur_couplage', 'h_bas_2d', 'kx', 'ky', 'h_bord_x0')) coût=1724826.1 (2.5s)
  NLSQ éval 33 : θ=[6.92606, 94.13239, 7.49691, 2.89529, 65.50763] (('facteur_couplage', 'h_bas_2d', 'kx', 'ky', 'h_bord_x0')) coût=1698054.6 (2.9s)
  NLSQ éval 34 : θ=[6.92606, 89.6499, 7.87175, 2.89529, 65.50763] (('facteur_couplage', 'h_bas_2d', 'kx', 'ky', 'h_bord_x0')) coût=1704885.6 (2.7s)
  NLSQ éval 35 : θ=[6.92606, 89.6499, 7.49691, 3.04006, 65.50763] (('facteur_couplage', 'h_bas_2d', 'kx', 'ky', 'h_bord_x0')) coût=1682060.2 (2.6s)
  NLSQ éval 36 : θ=[6.92606, 89.6499, 7.49691, 2.89529, 68.78301] (('facteur_couplage', 'h_bas_2d', 'kx', 'ky', 'h_bord_x0')) coût=1677708.1 (2.5s)
  NLSQ éval 37 : θ=[6.83293, 86.28531, 7.43679, 2.38569, 72.79207] (('facteur_couplage', 'h_bas_2d', 'kx', 'ky', 'h_bord_x0')) coût=1657555.2 (2.8s)
  NLSQ éval 38 : θ=[7.17458, 86.28531, 7.43679, 2.38569, 72.79207] (('facteur_couplage', 'h_bas_2d', 'kx', 'ky', 'h_bord_x0')) coût=1697899.4 (3.0s)
  NLSQ éval 39 : θ=[6.83293, 90.59958, 7.43679, 2.38569, 72.79207] (('facteur_couplage', 'h_bas_2d', 'kx', 'ky', 'h_bord_x0')) coût=1677774.3 (2.2s)
  NLSQ éval 40 : θ=[6.83293, 86.28531, 7.80863, 2.38569, 72.79207] (('facteur_couplage', 'h_bas_2d', 'kx', 'ky', 'h_bord_x0')) coût=1678366.6 (2.6s)
  NLSQ éval 41 : θ=[6.83293, 86.28531, 7.43679, 2.50498, 72.79207] (('facteur_couplage', 'h_bas_2d', 'kx', 'ky', 'h_bord_x0')) coût=1666101.4 (2.7s)
  NLSQ éval 42 : θ=[6.83293, 86.28531, 7.43679, 2.38569, 76.43167] (('facteur_couplage', 'h_bas_2d', 'kx', 'ky', 'h_bord_x0')) coût=1657720.7 (2.6s)
  NLSQ éval 43 : θ=[6.85123, 84.82668, 7.44549, 2.05369, 77.36608] (('facteur_couplage', 'h_bas_2d', 'kx', 'ky', 'h_bord_x0')) coût=1649731.7 (2.7s)
  NLSQ éval 44 : θ=[7.19379, 84.82668, 7.44549, 2.05369, 77.36608] (('facteur_couplage', 'h_bas_2d', 'kx', 'ky', 'h_bord_x0')) coût=1698183.6 (3.1s)
  NLSQ éval 45 : θ=[6.85123, 89.06802, 7.44549, 2.05369, 77.36608] (('facteur_couplage', 'h_bas_2d', 'kx', 'ky', 'h_bord_x0')) coût=1656974.4 (3.2s)
  NLSQ éval 46 : θ=[6.85123, 84.82668, 7.81776, 2.05369, 77.36608] (('facteur_couplage', 'h_bas_2d', 'kx', 'ky', 'h_bord_x0')) coût=1674843.0 (4.5s)
  NLSQ éval 47 : θ=[6.85123, 84.82668, 7.44549, 2.15638, 77.36608] (('facteur_couplage', 'h_bas_2d', 'kx', 'ky', 'h_bord_x0')) coût=1650544.4 (4.8s)
  NLSQ éval 48 : θ=[6.85123, 84.82668, 7.44549, 2.05369, 81.23439] (('facteur_couplage', 'h_bas_2d', 'kx', 'ky', 'h_bord_x0')) coût=1649661.3 (2.8s)
  NLSQ éval 49 : θ=[7.01396, 89.43927, 7.50157, 2.00841, 72.63006] (('facteur_couplage', 'h_bas_2d', 'kx', 'ky', 'h_bord_x0')) coût=1653497.4 (2.8s)
  NLSQ éval 50 : θ=[6.90208, 86.47793, 7.46456, 2.05186, 77.35699] (('facteur_couplage', 'h_bas_2d', 'kx', 'ky', 'h_bord_x0')) coût=1648831.9 (2.5s)
  NLSQ éval 51 : θ=[7.24719, 86.47793, 7.46456, 2.05186, 77.35699] (('facteur_couplage', 'h_bas_2d', 'kx', 'ky', 'h_bord_x0')) coût=1692832.7 (2.5s)
  NLSQ éval 52 : θ=[6.90208, 90.80183, 7.46456, 2.05186, 77.35699] (('facteur_couplage', 'h_bas_2d', 'kx', 'ky', 'h_bord_x0')) coût=1665261.1 (4.1s)
  NLSQ éval 53 : θ=[6.90208, 86.47793, 7.83779, 2.05186, 77.35699] (('facteur_couplage', 'h_bas_2d', 'kx', 'ky', 'h_bord_x0')) coût=1667793.5 (3.7s)
  NLSQ éval 54 : θ=[6.90208, 86.47793, 7.46456, 2.15446, 77.35699] (('facteur_couplage', 'h_bas_2d', 'kx', 'ky', 'h_bord_x0')) coût=1649223.5 (2.7s)
  NLSQ éval 55 : θ=[6.90208, 86.47793, 7.46456, 2.05186, 81.22484] (('facteur_couplage', 'h_bas_2d', 'kx', 'ky', 'h_bord_x0')) coût=1648941.9 (2.8s)
  NLSQ éval 56 : θ=[6.93359, 87.45593, 7.51277, 2.03245, 77.5142] (('facteur_couplage', 'h_bas_2d', 'kx', 'ky', 'h_bord_x0')) coût=1644034.2 (2.7s)
  NLSQ éval 57 : θ=[7.28027, 87.45593, 7.51277, 2.03245, 77.5142] (('facteur_couplage', 'h_bas_2d', 'kx', 'ky', 'h_bord_x0')) coût=1692576.3 (2.9s)
  NLSQ éval 58 : θ=[6.93359, 91.82873, 7.51277, 2.03245, 77.5142] (('facteur_couplage', 'h_bas_2d', 'kx', 'ky', 'h_bord_x0')) coût=1665398.3 (3.0s)
  NLSQ éval 59 : θ=[6.93359, 87.45593, 7.88841, 2.03245, 77.5142] (('facteur_couplage', 'h_bas_2d', 'kx', 'ky', 'h_bord_x0')) coût=1667457.0 (2.6s)
  NLSQ éval 60 : θ=[6.93359, 87.45593, 7.51277, 2.13407, 77.5142] (('facteur_couplage', 'h_bas_2d', 'kx', 'ky', 'h_bord_x0')) coût=1655698.4 (1.9s)
  NLSQ éval 61 : θ=[6.93359, 87.45593, 7.51277, 2.03245, 81.38991] (('facteur_couplage', 'h_bas_2d', 'kx', 'ky', 'h_bord_x0')) coût=1644121.0 (2.3s)
  NLSQ éval 62 : θ=[6.8511, 85.61088, 7.49873, 2.01281, 77.60189] (('facteur_couplage', 'h_bas_2d', 'kx', 'ky', 'h_bord_x0')) coût=1649004.5 (2.5s)
  NLSQ éval 63 : θ=[6.90133, 87.06414, 7.51504, 2.02584, 77.51012] (('facteur_couplage', 'h_bas_2d', 'kx', 'ky', 'h_bord_x0')) coût=1643399.2 (2.2s)
  NLSQ éval 64 : θ=[7.2464, 87.06414, 7.51504, 2.02584, 77.51012] (('facteur_couplage', 'h_bas_2d', 'kx', 'ky', 'h_bord_x0')) coût=1684769.5 (2.8s)
  NLSQ éval 65 : θ=[6.90133, 91.41735, 7.51504, 2.02584, 77.51012] (('facteur_couplage', 'h_bas_2d', 'kx', 'ky', 'h_bord_x0')) coût=1666700.0 (2.5s)
  NLSQ éval 66 : θ=[6.90133, 87.06414, 7.89079, 2.02584, 77.51012] (('facteur_couplage', 'h_bas_2d', 'kx', 'ky', 'h_bord_x0')) coût=1668611.5 (2.7s)
  NLSQ éval 67 : θ=[6.90133, 87.06414, 7.51504, 2.12714, 77.51012] (('facteur_couplage', 'h_bas_2d', 'kx', 'ky', 'h_bord_x0')) coût=1650452.7 (2.3s)
  NLSQ éval 68 : θ=[6.90133, 87.06414, 7.51504, 2.02584, 81.38562] (('facteur_couplage', 'h_bas_2d', 'kx', 'ky', 'h_bord_x0')) coût=1643516.7 (2.3s)
  NLSQ éval 69 : θ=[6.90671, 86.61438, 7.48385, 2.02145, 77.50979] (('facteur_couplage', 'h_bas_2d', 'kx', 'ky', 'h_bord_x0')) coût=1649628.6 (2.6s)
  NLSQ éval 70 : θ=[6.91289, 86.96445, 7.50004, 2.02479, 77.51009] (('facteur_couplage', 'h_bas_2d', 'kx', 'ky', 'h_bord_x0')) coût=1647107.1 (2.9s)
  NLSQ éval 71 : θ=[6.90938, 87.04335, 7.51085, 2.02563, 77.51012] (('facteur_couplage', 'h_bas_2d', 'kx', 'ky', 'h_bord_x0')) coût=1647546.6 (2.3s)
  NLSQ éval 72 : θ=[6.90455, 87.06005, 7.5143, 2.0258, 77.51012] (('facteur_couplage', 'h_bas_2d', 'kx', 'ky', 'h_bord_x0')) coût=1648571.3 (2.4s)

=== θ*_new joint ===
  facteur_couplage = 6.9013 ± 0.0778
  h_bas_2d = 87.064 ± 1.8
  kx = 7.515 ± 0.076
  ky = 2.0258 ± 0.149
  h_bord_x0 = 77.51 ± 11.2
Coût final : 1643399.2 | succès : True (72 évaluations NLSQ) | message : `xtol` termination condition is satisfied.
Corrélations (ordre ('facteur_couplage', 'h_bas_2d', 'kx', 'ky', 'h_bord_x0')) :
[[ 1.     0.737 -0.006 -0.349 -0.097]
 [ 0.737  1.     0.226  0.039 -0.271]
 [-0.006  0.226  1.    -0.112  0.383]
 [-0.349  0.039 -0.112  1.    -0.118]
 [-0.097 -0.271  0.383 -0.118  1.   ]]

=== Table de comparaison (essais JOINT) ===
                 essai  TC  rmse_ref  rmse_new  dTmax_ref  dTmax_new
             exp7_200A TC1      14.1      14.0       37.0       36.8
             exp7_200A TC2      25.7      33.6      -56.2      -58.7
             exp7_200A TC3      24.8      27.3      -31.7      -44.0
             exp7_200A TC4      16.8      14.0      -18.9      -21.4
             exp7_200A TC5      16.3      14.0       42.1       41.9
             exp7_150A TC1      23.2      17.5       55.2       29.4
             exp7_150A TC2      22.6      36.6      -24.1      -54.7
             exp7_150A TC3      25.0      33.0      -20.3      -52.0
             exp7_150A TC4      20.9      19.4       18.8      -11.8
             exp7_150A TC5      23.4      17.5       55.0       29.2
             exp7_250A TC1      15.5      16.1       50.2       55.2
             exp7_250A TC2      26.9      34.3      -63.3      -61.5
             exp7_250A TC3      28.3      31.0      -41.1      -51.1
             exp7_250A TC4      16.0      19.5      -36.3      -34.6
             exp7_250A TC5      15.1      16.8       56.3       61.3
exp9_200A_y20_monospot TC1       9.7       3.7      -11.9       -1.2
exp9_200A_y20_monospot TC2       8.2       9.0        8.9       14.8
exp9_200A_y20_monospot TC3      40.5      10.5       24.2       -2.2
exp9_200A_y20_monospot TC4      14.7       7.9      -13.1       -7.2
exp9_200A_y20_monospot TC5      11.3       4.9      -11.0       -1.7

RMSE moyen (JOINT) : réf=20.0 °C vs new=19.0 °C
|ΔT_max| moyen (JOINT) : réf=33.8 °C vs new=33.5 °C

=== Table de comparaison (essais HOLD-OUT, non vus par le fit) ===
             essai  TC  rmse_ref  rmse_new  dTmax_ref  dTmax_new
exp9_200A_monospot TC1      11.0       8.4      -11.4       -7.8
exp9_200A_monospot TC2       9.6       9.4      -15.0       -9.1
exp9_200A_monospot TC3      11.4      19.0      -22.2      -17.1
exp9_200A_monospot TC4      17.8      16.4      -30.3      -24.4
exp9_200A_monospot TC5      13.5      11.1      -16.7      -14.3

RMSE moyen (HOLD-OUT) : réf=12.7 °C vs new=12.9 °C
|ΔT_max| moyen (HOLD-OUT) : réf=19.1 °C vs new=14.5 °C

RMSE moyen GLOBAL (tous essais rapportés) : réf=18.5 °C vs new=17.8 °C

Validation croisée manuelle (2D) :
  python scripts/valider.py --modele 2D --facteur 6.9013 --decalage-x 0 --h-haut 30.087 --h-bas-2d 87.064 --h-bord-x0 77.51 --essais exp7_200A exp7_150A exp7_250A exp9_200A_y20_monospot exp9_200A_monospot
  (NB : kx/ky ne sont pas des flags de valider.py -- l'appliquer via materiaux.Materiau.k_plan_x/k_plan_y avant de rejouer, ou utiliser ce script.)
